Archive member included to satisfy reference by file (symbol)

/Users/daymoon/Documents/workspace/stm32f10x_peripheral_lib/Debug/libstm32f10x_peripheral_lib.a(stm32f10x_dma.o)
                              src/camera.o (DMA_DeInit)
/Users/daymoon/Documents/workspace/stm32f10x_peripheral_lib/Debug/libstm32f10x_peripheral_lib.a(stm32f10x_gpio.o)
                              src/camera.o (GPIO_Init)
/Users/daymoon/Documents/workspace/stm32f10x_peripheral_lib/Debug/libstm32f10x_peripheral_lib.a(stm32f10x_i2c.o)
                              src/i2c.o (I2C_Init)
/Users/daymoon/Documents/workspace/stm32f10x_peripheral_lib/Debug/libstm32f10x_peripheral_lib.a(stm32f10x_rcc.o)
                              /Users/daymoon/Documents/workspace/stm32f10x_peripheral_lib/Debug/libstm32f10x_peripheral_lib.a(stm32f10x_i2c.o) (RCC_GetClocksFreq)
/Users/daymoon/Documents/workspace/stm32f10x_peripheral_lib/Debug/libstm32f10x_peripheral_lib.a(stm32f10x_spi.o)
                              src/spi.o (SPI_I2S_DeInit)
/Users/daymoon/Documents/workspace/stm32f10x_peripheral_lib/Debug/libstm32f10x_peripheral_lib.a(stm32f10x_tim.o)
                              src/timer.o (TIM_TimeBaseInit)
/Applications/Ac6/SystemWorkbench.app/Contents/Eclipse/plugins/fr.ac6.mcu.externaltools.arm-none.macos64_1.17.0.201812190825/tools/compiler/bin/../lib/gcc/arm-none-eabi/7.3.1/../../../../arm-none-eabi/lib/thumb/v7-m/libc.a(lib_a-errno.o)
                              startup/sysmem.o (__errno)
/Applications/Ac6/SystemWorkbench.app/Contents/Eclipse/plugins/fr.ac6.mcu.externaltools.arm-none.macos64_1.17.0.201812190825/tools/compiler/bin/../lib/gcc/arm-none-eabi/7.3.1/../../../../arm-none-eabi/lib/thumb/v7-m/libc.a(lib_a-exit.o)
                              /Applications/Ac6/SystemWorkbench.app/Contents/Eclipse/plugins/fr.ac6.mcu.externaltools.arm-none.macos64_1.17.0.201812190825/tools/compiler/bin/../lib/gcc/arm-none-eabi/7.3.1/../../../../arm-none-eabi/lib/thumb/v7-m/crt0.o (exit)
/Applications/Ac6/SystemWorkbench.app/Contents/Eclipse/plugins/fr.ac6.mcu.externaltools.arm-none.macos64_1.17.0.201812190825/tools/compiler/bin/../lib/gcc/arm-none-eabi/7.3.1/../../../../arm-none-eabi/lib/thumb/v7-m/libc.a(lib_a-impure.o)
                              /Applications/Ac6/SystemWorkbench.app/Contents/Eclipse/plugins/fr.ac6.mcu.externaltools.arm-none.macos64_1.17.0.201812190825/tools/compiler/bin/../lib/gcc/arm-none-eabi/7.3.1/../../../../arm-none-eabi/lib/thumb/v7-m/libc.a(lib_a-exit.o) (_global_impure_ptr)
/Applications/Ac6/SystemWorkbench.app/Contents/Eclipse/plugins/fr.ac6.mcu.externaltools.arm-none.macos64_1.17.0.201812190825/tools/compiler/bin/../lib/gcc/arm-none-eabi/7.3.1/../../../../arm-none-eabi/lib/thumb/v7-m/libc.a(lib_a-init.o)
                              /Applications/Ac6/SystemWorkbench.app/Contents/Eclipse/plugins/fr.ac6.mcu.externaltools.arm-none.macos64_1.17.0.201812190825/tools/compiler/bin/../lib/gcc/arm-none-eabi/7.3.1/../../../../arm-none-eabi/lib/thumb/v7-m/crt0.o (__libc_init_array)
/Applications/Ac6/SystemWorkbench.app/Contents/Eclipse/plugins/fr.ac6.mcu.externaltools.arm-none.macos64_1.17.0.201812190825/tools/compiler/bin/../lib/gcc/arm-none-eabi/7.3.1/../../../../arm-none-eabi/lib/thumb/v7-m/libc.a(lib_a-memset.o)
                              /Applications/Ac6/SystemWorkbench.app/Contents/Eclipse/plugins/fr.ac6.mcu.externaltools.arm-none.macos64_1.17.0.201812190825/tools/compiler/bin/../lib/gcc/arm-none-eabi/7.3.1/../../../../arm-none-eabi/lib/thumb/v7-m/crt0.o (memset)
/Applications/Ac6/SystemWorkbench.app/Contents/Eclipse/plugins/fr.ac6.mcu.externaltools.arm-none.macos64_1.17.0.201812190825/tools/compiler/bin/../lib/gcc/arm-none-eabi/7.3.1/../../../../arm-none-eabi/lib/thumb/v7-m/libc.a(lib_a-strlen-stub.o)
                              src/ili9341.o (strlen)
/Applications/Ac6/SystemWorkbench.app/Contents/Eclipse/plugins/fr.ac6.mcu.externaltools.arm-none.macos64_1.17.0.201812190825/tools/compiler/bin/../lib/gcc/arm-none-eabi/7.3.1/../../../../arm-none-eabi/lib/thumb/v7-m/libc.a(lib_a-__call_atexit.o)
                              /Applications/Ac6/SystemWorkbench.app/Contents/Eclipse/plugins/fr.ac6.mcu.externaltools.arm-none.macos64_1.17.0.201812190825/tools/compiler/bin/../lib/gcc/arm-none-eabi/7.3.1/../../../../arm-none-eabi/lib/thumb/v7-m/libc.a(lib_a-exit.o) (__call_exitprocs)
/Applications/Ac6/SystemWorkbench.app/Contents/Eclipse/plugins/fr.ac6.mcu.externaltools.arm-none.macos64_1.17.0.201812190825/tools/compiler/bin/../lib/gcc/arm-none-eabi/7.3.1/../../../../arm-none-eabi/lib/thumb/v7-m/libc.a(lib_a-atexit.o)
                              /Applications/Ac6/SystemWorkbench.app/Contents/Eclipse/plugins/fr.ac6.mcu.externaltools.arm-none.macos64_1.17.0.201812190825/tools/compiler/bin/../lib/gcc/arm-none-eabi/7.3.1/../../../../arm-none-eabi/lib/thumb/v7-m/libc.a(lib_a-__call_atexit.o) (atexit)
[...]
Memory Configuration

Name             Origin             Length             Attributes
RAM              0x0000000020000000 0x0000000000005000 xrw
ROM              0x0000000008000000 0x0000000000010000 xr
*default*        0x0000000000000000 0xffffffffffffffff

Linker script and memory map

LOAD /Applications/Ac6/SystemWorkbench.app/Contents/Eclipse/plugins/fr.ac6.mcu.externaltools.arm-none.macos64_1.17.0.201812190825/tools/compiler/bin/../lib/gcc/arm-none-eabi/7.3.1/thumb/v7-m/crti.o
LOAD /Applications/Ac6/SystemWorkbench.app/Contents/Eclipse/plugins/fr.ac6.mcu.externaltools.arm-none.macos64_1.17.0.201812190825/tools/compiler/bin/../lib/gcc/arm-none-eabi/7.3.1/thumb/v7-m/crtbegin.o
LOAD /Applications/Ac6/SystemWorkbench.app/Contents/Eclipse/plugins/fr.ac6.mcu.externaltools.arm-none.macos64_1.17.0.201812190825/tools/compiler/bin/../lib/gcc/arm-none-eabi/7.3.1/../../../../arm-none-eabi/lib/thumb/v7-m/crt0.o
LOAD src/camera.o
LOAD src/delay.o
LOAD src/gpio.o
LOAD src/i2c.o
LOAD src/ili9341.o
LOAD src/leds.o
LOAD src/main.o
LOAD src/mcuperipherals.o
LOAD src/ov7670.o
LOAD src/scheduler.o
LOAD src/services.o
LOAD src/spi.o
LOAD src/stm32f10x_it.o
LOAD src/system_stm32f10x.o
LOAD src/timer.o
LOAD startup/startup_stm32.o
LOAD startup/sysmem.o
LOAD /Users/daymoon/Documents/workspace/stm32f10x_peripheral_lib/Debug/libstm32f10x_peripheral_lib.a
LOAD /Applications/Ac6/SystemWorkbench.app/Contents/Eclipse/plugins/fr.ac6.mcu.externaltools.arm-none.macos64_1.17.0.201812190825/tools/compiler/bin/../lib/gcc/arm-none-eabi/7.3.1/../../../../arm-none-eabi/lib/thumb/v7-m/libm.a
START GROUP
LOAD /Applications/Ac6/SystemWorkbench.app/Contents/Eclipse/plugins/fr.ac6.mcu.externaltools.arm-none.macos64_1.17.0.201812190825/tools/compiler/bin/../lib/gcc/arm-none-eabi/7.3.1/thumb/v7-m/libgcc.a
LOAD /Applications/Ac6/SystemWorkbench.app/Contents/Eclipse/plugins/fr.ac6.mcu.externaltools.arm-none.macos64_1.17.0.201812190825/tools/compiler/bin/../lib/gcc/arm-none-eabi/7.3.1/../../../../arm-none-eabi/lib/thumb/v7-m/libc.a
END GROUP
LOAD /Applications/Ac6/SystemWorkbench.app/Contents/Eclipse/plugins/fr.ac6.mcu.externaltools.arm-none.macos64_1.17.0.201812190825/tools/compiler/bin/../lib/gcc/arm-none-eabi/7.3.1/thumb/v7-m/crtend.o
LOAD /Applications/Ac6/SystemWorkbench.app/Contents/Eclipse/plugins/fr.ac6.mcu.externaltools.arm-none.macos64_1.17.0.201812190825/tools/compiler/bin/../lib/gcc/arm-none-eabi/7.3.1/thumb/v7-m/crtn.o
                0x0000000020005000                _estack = 0x20005000
                0x0000000000000000                _Min_Heap_Size = 0x0
                0x0000000000000400                _Min_Stack_Size = 0x400

.isr_vector     0x0000000008000000      0x130
                0x0000000008000000                . = ALIGN (0x4)
 *(.isr_vector)
 .isr_vector    0x0000000008000000      0x130 startup/startup_stm32.o
                0x0000000008000000                g_pfnVectors
                0x0000000008000130                . = ALIGN (0x4)

.text           0x0000000008000130     0x3800
                0x0000000008000130                . = ALIGN (0x4)
 *(.text)
 .text          0x0000000008000130       0x40 /Applications/Ac6/SystemWorkbench.app/Contents/Eclipse/plugins/fr.ac6.mcu.externaltools.arm-none.macos64_1.17.0.201812190825/tools/compiler/bin/../lib/gcc/arm-none-eabi/7.3.1/thumb/v7-m/crtbegin.o
 *(.text*)
 .text.camera_get_image
                0x0000000008000170      0x15c src/camera.o
                0x0000000008000170                camera_get_image
 .text.camera_config
                0x00000000080002cc      0x100 src/camera.o
                0x00000000080002cc                camera_config
 .text.camera_ReadReg
                0x00000000080003cc       0x58 src/camera.o
                0x00000000080003cc                camera_ReadReg
 .text.camera_WriteReg
                0x0000000008000424       0x44 src/camera.o
                0x0000000008000424                camera_WriteReg
 .text.delay_ms
                0x0000000008000468       0x2c src/delay.o
                0x0000000008000468                delay_ms
 .text.Set_Delay_finished
                0x0000000008000494        0xc src/delay.o
                0x0000000008000494                Set_Delay_finished
 .text.gpio_init
                0x00000000080004a0       0x80 src/gpio.o
                0x00000000080004a0                gpio_init
 .text.i2c_init
                0x0000000008000520       0x94 src/i2c.o
                0x0000000008000520                i2c_init
 .text.I2C_start
                0x00000000080005b4       0x68 src/i2c.o
                0x00000000080005b4                I2C_start
 .text.I2C_write
                0x000000000800061c       0x1c src/i2c.o
                0x000000000800061c                I2C_write
 .text.I2C_read_nack
                0x0000000008000638       0x30 src/i2c.o
                0x0000000008000638                I2C_read_nack
 .text.I2C_stop
                0x0000000008000668        0x8 src/i2c.o
                0x0000000008000668                I2C_stop
 .text.ili_display_clear
                0x0000000008000670      0x184 src/ili9341.o
                0x0000000008000670                ili_display_clear
 .text.ili_draw_line
                0x00000000080007f4      0x3d0 src/ili9341.o
                0x00000000080007f4                ili_draw_line
 .text.lcd_config
                0x0000000008000bc4     0x10a4 src/ili9341.o
                0x0000000008000bc4                lcd_config
 .text.CS_low   0x0000000008001c68       0x10 src/ili9341.o
                0x0000000008001c68                CS_low
 .text.CS_high  0x0000000008001c78       0x1c src/ili9341.o
                0x0000000008001c78                CS_high
 .text.DC_data  0x0000000008001c94       0x10 src/ili9341.o
                0x0000000008001c94                DC_data
 .text.send_instruction
                0x0000000008001ca4       0x40 src/ili9341.o
                0x0000000008001ca4                send_instruction
 .text.send_data16
                0x0000000008001ce4       0x40 src/ili9341.o
                0x0000000008001ce4                send_data16
 .text.leds_config
                0x0000000008001d24       0x10 src/leds.o
                0x0000000008001d24                leds_config
 .text.startup.main
                0x0000000008001d34       0x20 src/main.o
                0x0000000008001d34                main
 .text.assert_failed
                0x0000000008001d54        0x4 src/main.o
                0x0000000008001d54                assert_failed
 .text.mcuperipherals_init
                0x0000000008001d58       0x18 src/mcuperipherals.o
                0x0000000008001d58                mcuperipherals_init
 .text.ov7670_setColorSpace
                0x0000000008001d70      0x114 src/ov7670.o
                0x0000000008001d70                ov7670_setColorSpace
 .text.ov7670_setRes
                0x0000000008001e84      0x11c src/ov7670.o
                0x0000000008001e84                ov7670_setRes
 .text.ov7670_init
                0x0000000008001fa0       0x70 src/ov7670.o
                0x0000000008001fa0                ov7670_init
 .text.Scheduler_init
                0x0000000008002010       0x50 src/scheduler.o
                0x0000000008002010                Scheduler_init
 .text.Scheduler_start
                0x0000000008002060        0x4 src/scheduler.o
                0x0000000008002060                Scheduler_start
 .text.Scheduler_Dispatch_Tasks
                0x0000000008002064       0x30 src/scheduler.o
                0x0000000008002064                Scheduler_Dispatch_Tasks
 .text.Scheduler_Add_Task
                0x0000000008002094       0x3c src/scheduler.o
                0x0000000008002094                Scheduler_Add_Task
 .text.Run_scheduler
                0x00000000080020d0       0x38 src/scheduler.o
                0x00000000080020d0                Run_scheduler
 .text.LED_service
                0x0000000008002108       0x28 src/services.o
                0x0000000008002108                LED_service
 .text.Delay_service
                0x0000000008002130        0x8 src/services.o
                0x0000000008002130                Delay_service
 .text.spi_init
                0x0000000008002138       0x80 src/spi.o
                0x0000000008002138                spi_init
 .text.SPI_Write8
                0x00000000080021b8       0x18 src/spi.o
                0x00000000080021b8                SPI_Write8
 .text.SPI_Write16
                0x00000000080021d0       0x28 src/spi.o
                0x00000000080021d0                SPI_Write16
 .text.NMI_Handler
                0x00000000080021f8        0x4 src/stm32f10x_it.o
                0x00000000080021f8                NMI_Handler
 .text.HardFault_Handler
                0x00000000080021fc        0x4 src/stm32f10x_it.o
                0x00000000080021fc                HardFault_Handler
 .text.MemManage_Handler
                0x0000000008002200        0x4 src/stm32f10x_it.o
                0x0000000008002200                MemManage_Handler
 .text.BusFault_Handler
                0x0000000008002204        0x4 src/stm32f10x_it.o
                0x0000000008002204                BusFault_Handler
 .text.UsageFault_Handler
                0x0000000008002208        0x4 src/stm32f10x_it.o
                0x0000000008002208                UsageFault_Handler
 .text.SVC_Handler
                0x000000000800220c        0x4 src/stm32f10x_it.o
                0x000000000800220c                SVC_Handler
 .text.DebugMon_Handler
                0x0000000008002210        0x4 src/stm32f10x_it.o
                0x0000000008002210                DebugMon_Handler
 .text.PendSV_Handler
                0x0000000008002214        0x4 src/stm32f10x_it.o
                0x0000000008002214                PendSV_Handler
 .text.SysTick_Handler
                0x0000000008002218        0x4 src/stm32f10x_it.o
                0x0000000008002218                SysTick_Handler
 .text.SystemInit
                0x000000000800221c      0x104 src/system_stm32f10x.o
                0x000000000800221c                SystemInit
 .text.timer_timebase_init
                0x0000000008002320       0x98 src/timer.o
                0x0000000008002320                timer_timebase_init
 .text.Reset_Handler
                0x00000000080023b8       0x50 startup/startup_stm32.o
                0x00000000080023b8                Reset_Handler
 .text.Default_Handler
                0x0000000008002408        0x2 startup/startup_stm32.o
                0x0000000008002408                DMA2_Channel3_IRQHandler
                0x0000000008002408                TIM8_TRG_COM_IRQHandler
                0x0000000008002408                TIM8_CC_IRQHandler
                0x0000000008002408                TIM1_CC_IRQHandler
                0x0000000008002408                TIM6_IRQHandler
                0x0000000008002408                PVD_IRQHandler
                0x0000000008002408                SDIO_IRQHandler
                0x0000000008002408                EXTI3_IRQHandler
                0x0000000008002408                USB_HP_CAN_TX_IRQHandler
                0x0000000008002408                EXTI0_IRQHandler
                0x0000000008002408                I2C2_EV_IRQHandler
                0x0000000008002408                ADC1_2_IRQHandler
                0x0000000008002408                SPI1_IRQHandler
                0x0000000008002408                CAN_SCE_IRQHandler
                0x0000000008002408                TAMPER_IRQHandler
                0x0000000008002408                TIM8_UP_IRQHandler
                0x0000000008002408                DMA2_Channel2_IRQHandler
                0x0000000008002408                DMA1_Channel4_IRQHandler
                0x0000000008002408                USART3_IRQHandler
                0x0000000008002408                RTC_IRQHandler
                0x0000000008002408                DMA1_Channel7_IRQHandler
                0x0000000008002408                UART5_IRQHandler
                0x0000000008002408                ADC3_IRQHandler
                0x0000000008002408                TIM4_IRQHandler
                0x0000000008002408                CAN_RX1_IRQHandler
                0x0000000008002408                DMA2_Channel1_IRQHandler
                0x0000000008002408                I2C1_EV_IRQHandler
                0x0000000008002408                DMA1_Channel6_IRQHandler
                0x0000000008002408                UART4_IRQHandler
                0x0000000008002408                TIM3_IRQHandler
                0x0000000008002408                RCC_IRQHandler
                0x0000000008002408                TIM1_TRG_COM_IRQHandler
                0x0000000008002408                DMA1_Channel1_IRQHandler
                0x0000000008002408                Default_Handler
                0x0000000008002408                EXTI15_10_IRQHandler
                0x0000000008002408                TIM7_IRQHandler
                0x0000000008002408                TIM5_IRQHandler
                0x0000000008002408                EXTI9_5_IRQHandler
                0x0000000008002408                SPI2_IRQHandler
                0x0000000008002408                USB_LP_CAN_RX0_IRQHandler
                0x0000000008002408                DMA1_Channel5_IRQHandler
                0x0000000008002408                EXTI4_IRQHandler
                0x0000000008002408                DMA1_Channel3_IRQHandler
                0x0000000008002408                FSMC_IRQHandler
                0x0000000008002408                TIM1_UP_IRQHandler
                0x0000000008002408                WWDG_IRQHandler
                0x0000000008002408                TIM2_IRQHandler
                0x0000000008002408                TIM1_BRK_IRQHandler
                0x0000000008002408                EXTI1_IRQHandler
                0x0000000008002408                RTCAlarm_IRQHandler
                0x0000000008002408                DMA2_Channel4_5_IRQHandler
                0x0000000008002408                USART2_IRQHandler
                0x0000000008002408                I2C2_ER_IRQHandler
                0x0000000008002408                DMA1_Channel2_IRQHandler
                0x0000000008002408                TIM8_BRK_IRQHandler
                0x0000000008002408                FLASH_IRQHandler
                0x0000000008002408                USART1_IRQHandler
                0x0000000008002408                SPI3_IRQHandler
                0x0000000008002408                I2C1_ER_IRQHandler
                0x0000000008002408                EXTI2_IRQHandler
 *fill*         0x000000000800240a        0x2 
 .text.DMA_DeInit
                0x000000000800240c      0x150 /Users/daymoon/Documents/workspace/stm32f10x_peripheral_lib/Debug/libstm32f10x_peripheral_lib.a(stm32f10x_dma.o)
                0x000000000800240c                DMA_DeInit
 .text.DMA_Init
                0x000000000800255c      0x13c /Users/daymoon/Documents/workspace/stm32f10x_peripheral_lib/Debug/libstm32f10x_peripheral_lib.a(stm32f10x_dma.o)
                0x000000000800255c                DMA_Init
 .text.DMA_GetFlagStatus
                0x0000000008002698       0xc4 /Users/daymoon/Documents/workspace/stm32f10x_peripheral_lib/Debug/libstm32f10x_peripheral_lib.a(stm32f10x_dma.o)
                0x0000000008002698                DMA_GetFlagStatus
 .text.DMA_ClearFlag
                0x000000000800275c       0x3c /Users/daymoon/Documents/workspace/stm32f10x_peripheral_lib/Debug/libstm32f10x_peripheral_lib.a(stm32f10x_dma.o)
                0x000000000800275c                DMA_ClearFlag
 .text.GPIO_Init
                0x0000000008002798      0x134 /Users/daymoon/Documents/workspace/stm32f10x_peripheral_lib/Debug/libstm32f10x_peripheral_lib.a(stm32f10x_gpio.o)
                0x0000000008002798                GPIO_Init
 .text.GPIO_ReadOutputData
                0x00000000080028cc       0x54 /Users/daymoon/Documents/workspace/stm32f10x_peripheral_lib/Debug/libstm32f10x_peripheral_lib.a(stm32f10x_gpio.o)
                0x00000000080028cc                GPIO_ReadOutputData
 .text.GPIO_SetBits
                0x0000000008002920       0x60 /Users/daymoon/Documents/workspace/stm32f10x_peripheral_lib/Debug/libstm32f10x_peripheral_lib.a(stm32f10x_gpio.o)
                0x0000000008002920                GPIO_SetBits
 .text.GPIO_ResetBits
                0x0000000008002980       0x60 /Users/daymoon/Documents/workspace/stm32f10x_peripheral_lib/Debug/libstm32f10x_peripheral_lib.a(stm32f10x_gpio.o)
                0x0000000008002980                GPIO_ResetBits
 .text.I2C_Init
                0x00000000080029e0      0x15c /Users/daymoon/Documents/workspace/stm32f10x_peripheral_lib/Debug/libstm32f10x_peripheral_lib.a(stm32f10x_i2c.o)
                0x00000000080029e0                I2C_Init
 .text.I2C_Cmd  0x0000000008002b3c       0x50 /Users/daymoon/Documents/workspace/stm32f10x_peripheral_lib/Debug/libstm32f10x_peripheral_lib.a(stm32f10x_i2c.o)
                0x0000000008002b3c                I2C_Cmd
 .text.I2C_GenerateSTART
                0x0000000008002b8c       0x50 /Users/daymoon/Documents/workspace/stm32f10x_peripheral_lib/Debug/libstm32f10x_peripheral_lib.a(stm32f10x_i2c.o)
                0x0000000008002b8c                I2C_GenerateSTART
 .text.I2C_GenerateSTOP
                0x0000000008002bdc       0x50 /Users/daymoon/Documents/workspace/stm32f10x_peripheral_lib/Debug/libstm32f10x_peripheral_lib.a(stm32f10x_i2c.o)
                0x0000000008002bdc                I2C_GenerateSTOP
 .text.I2C_AcknowledgeConfig
                0x0000000008002c2c       0x50 /Users/daymoon/Documents/workspace/stm32f10x_peripheral_lib/Debug/libstm32f10x_peripheral_lib.a(stm32f10x_i2c.o)
                0x0000000008002c2c                I2C_AcknowledgeConfig
 .text.I2C_SendData
                0x0000000008002c7c       0x2c /Users/daymoon/Documents/workspace/stm32f10x_peripheral_lib/Debug/libstm32f10x_peripheral_lib.a(stm32f10x_i2c.o)
                0x0000000008002c7c                I2C_SendData
 .text.I2C_ReceiveData
                0x0000000008002ca8       0x2c /Users/daymoon/Documents/workspace/stm32f10x_peripheral_lib/Debug/libstm32f10x_peripheral_lib.a(stm32f10x_i2c.o)
                0x0000000008002ca8                I2C_ReceiveData
 .text.I2C_Send7bitAddress
                0x0000000008002cd4       0x4c /Users/daymoon/Documents/workspace/stm32f10x_peripheral_lib/Debug/libstm32f10x_peripheral_lib.a(stm32f10x_i2c.o)
                0x0000000008002cd4                I2C_Send7bitAddress
 .text.I2C_CheckEvent
                0x0000000008002d20       0xc0 /Users/daymoon/Documents/workspace/stm32f10x_peripheral_lib/Debug/libstm32f10x_peripheral_lib.a(stm32f10x_i2c.o)
                0x0000000008002d20                I2C_CheckEvent
 .text.I2C_GetFlagStatus
                0x0000000008002de0       0xe8 /Users/daymoon/Documents/workspace/stm32f10x_peripheral_lib/Debug/libstm32f10x_peripheral_lib.a(stm32f10x_i2c.o)
                0x0000000008002de0                I2C_GetFlagStatus
 .text.RCC_GetClocksFreq
                0x0000000008002ec8       0x80 /Users/daymoon/Documents/workspace/stm32f10x_peripheral_lib/Debug/libstm32f10x_peripheral_lib.a(stm32f10x_rcc.o)
                0x0000000008002ec8                RCC_GetClocksFreq
 .text.RCC_AHBPeriphClockCmd
                0x0000000008002f48       0x48 /Users/daymoon/Documents/workspace/stm32f10x_peripheral_lib/Debug/libstm32f10x_peripheral_lib.a(stm32f10x_rcc.o)
                0x0000000008002f48                RCC_AHBPeriphClockCmd
 .text.RCC_APB2PeriphClockCmd
                0x0000000008002f90       0x48 /Users/daymoon/Documents/workspace/stm32f10x_peripheral_lib/Debug/libstm32f10x_peripheral_lib.a(stm32f10x_rcc.o)
                0x0000000008002f90                RCC_APB2PeriphClockCmd
 .text.RCC_APB1PeriphClockCmd
                0x0000000008002fd8       0x48 /Users/daymoon/Documents/workspace/stm32f10x_peripheral_lib/Debug/libstm32f10x_peripheral_lib.a(stm32f10x_rcc.o)
                0x0000000008002fd8                RCC_APB1PeriphClockCmd
 .text.RCC_APB2PeriphResetCmd
                0x0000000008003020       0x48 /Users/daymoon/Documents/workspace/stm32f10x_peripheral_lib/Debug/libstm32f10x_peripheral_lib.a(stm32f10x_rcc.o)
                0x0000000008003020                RCC_APB2PeriphResetCmd
 .text.RCC_APB1PeriphResetCmd
                0x0000000008003068       0x48 /Users/daymoon/Documents/workspace/stm32f10x_peripheral_lib/Debug/libstm32f10x_peripheral_lib.a(stm32f10x_rcc.o)
                0x0000000008003068                RCC_APB1PeriphResetCmd
 .text.SPI_I2S_DeInit
                0x00000000080030b0       0x70 /Users/daymoon/Documents/workspace/stm32f10x_peripheral_lib/Debug/libstm32f10x_peripheral_lib.a(stm32f10x_spi.o)
                0x00000000080030b0                SPI_I2S_DeInit
 .text.SPI_Init
                0x0000000008003120      0x104 /Users/daymoon/Documents/workspace/stm32f10x_peripheral_lib/Debug/libstm32f10x_peripheral_lib.a(stm32f10x_spi.o)
                0x0000000008003120                SPI_Init
 .text.SPI_Cmd  0x0000000008003224       0x58 /Users/daymoon/Documents/workspace/stm32f10x_peripheral_lib/Debug/libstm32f10x_peripheral_lib.a(stm32f10x_spi.o)
                0x0000000008003224                SPI_Cmd
 .text.SPI_I2S_ReceiveData
                0x000000000800327c       0x30 /Users/daymoon/Documents/workspace/stm32f10x_peripheral_lib/Debug/libstm32f10x_peripheral_lib.a(stm32f10x_spi.o)
                0x000000000800327c                SPI_I2S_ReceiveData
 .text.SPI_I2S_GetFlagStatus
                0x00000000080032ac       0x64 /Users/daymoon/Documents/workspace/stm32f10x_peripheral_lib/Debug/libstm32f10x_peripheral_lib.a(stm32f10x_spi.o)
                0x00000000080032ac                SPI_I2S_GetFlagStatus
 .text.TIM_TimeBaseInit
                0x0000000008003310      0x15c /Users/daymoon/Documents/workspace/stm32f10x_peripheral_lib/Debug/libstm32f10x_peripheral_lib.a(stm32f10x_tim.o)
                0x0000000008003310                TIM_TimeBaseInit
 .text.TIM_OC4Init
                0x000000000800346c      0x100 /Users/daymoon/Documents/workspace/stm32f10x_peripheral_lib/Debug/libstm32f10x_peripheral_lib.a(stm32f10x_tim.o)
                0x000000000800346c                TIM_OC4Init
 .text.TIM_Cmd  0x000000000800356c       0xc4 /Users/daymoon/Documents/workspace/stm32f10x_peripheral_lib/Debug/libstm32f10x_peripheral_lib.a(stm32f10x_tim.o)
                0x000000000800356c                TIM_Cmd
 .text.TIM_CtrlPWMOutputs
                0x0000000008003630       0x68 /Users/daymoon/Documents/workspace/stm32f10x_peripheral_lib/Debug/libstm32f10x_peripheral_lib.a(stm32f10x_tim.o)
                0x0000000008003630                TIM_CtrlPWMOutputs
 .text.TIM_PrescalerConfig
                0x0000000008003698       0xb4 /Users/daymoon/Documents/workspace/stm32f10x_peripheral_lib/Debug/libstm32f10x_peripheral_lib.a(stm32f10x_tim.o)
                0x0000000008003698                TIM_PrescalerConfig
 .text.TIM_OC4PreloadConfig
                0x000000000800374c       0x68 /Users/daymoon/Documents/workspace/stm32f10x_peripheral_lib/Debug/libstm32f10x_peripheral_lib.a(stm32f10x_tim.o)
                0x000000000800374c                TIM_OC4PreloadConfig
 .text.__libc_init_array
                0x00000000080037b4       0x48 /Applications/Ac6/SystemWorkbench.app/Contents/Eclipse/plugins/fr.ac6.mcu.externaltools.arm-none.macos64_1.17.0.201812190825/tools/compiler/bin/../lib/gcc/arm-none-eabi/7.3.1/../../../../arm-none-eabi/lib/thumb/v7-m/libc.a(lib_a-init.o)
                0x00000000080037b4                __libc_init_array
 .text.startup.register_fini
                0x00000000080037fc       0x14 /Applications/Ac6/SystemWorkbench.app/Contents/Eclipse/plugins/fr.ac6.mcu.externaltools.arm-none.macos64_1.17.0.201812190825/tools/compiler/bin/../lib/gcc/arm-none-eabi/7.3.1/../../../../arm-none-eabi/lib/thumb/v7-m/libc.a(lib_a-__call_atexit.o)
 .text.atexit   0x0000000008003810        0xc /Applications/Ac6/SystemWorkbench.app/Contents/Eclipse/plugins/fr.ac6.mcu.externaltools.arm-none.macos64_1.17.0.201812190825/tools/compiler/bin/../lib/gcc/arm-none-eabi/7.3.1/../../../../arm-none-eabi/lib/thumb/v7-m/libc.a(lib_a-atexit.o)
                0x0000000008003810                atexit
 .text.__libc_fini_array
                0x000000000800381c       0x34 /Applications/Ac6/SystemWorkbench.app/Contents/Eclipse/plugins/fr.ac6.mcu.externaltools.arm-none.macos64_1.17.0.201812190825/tools/compiler/bin/../lib/gcc/arm-none-eabi/7.3.1/../../../../arm-none-eabi/lib/thumb/v7-m/libc.a(lib_a-fini.o)
                0x000000000800381c                __libc_fini_array
 .text.__retarget_lock_acquire_recursive
                0x0000000008003850        0x4 /Applications/Ac6/SystemWorkbench.app/Contents/Eclipse/plugins/fr.ac6.mcu.externaltools.arm-none.macos64_1.17.0.201812190825/tools/compiler/bin/../lib/gcc/arm-none-eabi/7.3.1/../../../../arm-none-eabi/lib/thumb/v7-m/libc.a(lib_a-lock.o)
                0x0000000008003850                __retarget_lock_acquire_recursive
 .text.__retarget_lock_release_recursive
                0x0000000008003854        0x4 /Applications/Ac6/SystemWorkbench.app/Contents/Eclipse/plugins/fr.ac6.mcu.externaltools.arm-none.macos64_1.17.0.201812190825/tools/compiler/bin/../lib/gcc/arm-none-eabi/7.3.1/../../../../arm-none-eabi/lib/thumb/v7-m/libc.a(lib_a-lock.o)
                0x0000000008003854                __retarget_lock_release_recursive
 .text.__register_exitproc
                0x0000000008003858       0xc0 /Applications/Ac6/SystemWorkbench.app/Contents/Eclipse/plugins/fr.ac6.mcu.externaltools.arm-none.macos64_1.17.0.201812190825/tools/compiler/bin/../lib/gcc/arm-none-eabi/7.3.1/../../../../arm-none-eabi/lib/thumb/v7-m/libc.a(lib_a-__atexit.o)
                0x0000000008003858                __register_exitproc
 *(.glue_7)
 .glue_7        0x0000000008003918        0x0 linker stubs
 *(.glue_7t)
 .glue_7t       0x0000000008003918        0x0 linker stubs
 *(.eh_frame)
 .eh_frame      0x0000000008003918        0x0 /Applications/Ac6/SystemWorkbench.app/Contents/Eclipse/plugins/fr.ac6.mcu.externaltools.arm-none.macos64_1.17.0.201812190825/tools/compiler/bin/../lib/gcc/arm-none-eabi/7.3.1/thumb/v7-m/crtbegin.o
 *(.init)
 .init          0x0000000008003918        0x4 /Applications/Ac6/SystemWorkbench.app/Contents/Eclipse/plugins/fr.ac6.mcu.externaltools.arm-none.macos64_1.17.0.201812190825/tools/compiler/bin/../lib/gcc/arm-none-eabi/7.3.1/thumb/v7-m/crti.o
                0x0000000008003918                _init
 .init          0x000000000800391c        0x8 /Applications/Ac6/SystemWorkbench.app/Contents/Eclipse/plugins/fr.ac6.mcu.externaltools.arm-none.macos64_1.17.0.201812190825/tools/compiler/bin/../lib/gcc/arm-none-eabi/7.3.1/thumb/v7-m/crtn.o
 *(.fini)
 .fini          0x0000000008003924        0x4 /Applications/Ac6/SystemWorkbench.app/Contents/Eclipse/plugins/fr.ac6.mcu.externaltools.arm-none.macos64_1.17.0.201812190825/tools/compiler/bin/../lib/gcc/arm-none-eabi/7.3.1/thumb/v7-m/crti.o
                0x0000000008003924                _fini
 .fini          0x0000000008003928        0x8 /Applications/Ac6/SystemWorkbench.app/Contents/Eclipse/plugins/fr.ac6.mcu.externaltools.arm-none.macos64_1.17.0.201812190825/tools/compiler/bin/../lib/gcc/arm-none-eabi/7.3.1/thumb/v7-m/crtn.o
                0x0000000008003930                . = ALIGN (0x4)
                0x0000000008003930                _etext = .

.vfp11_veneer   0x0000000008003930        0x0
 .vfp11_veneer  0x0000000008003930        0x0 linker stubs

.v4_bx          0x0000000008003930        0x0
 .v4_bx         0x0000000008003930        0x0 linker stubs

.iplt           0x0000000008003930        0x0
 .iplt          0x0000000008003930        0x0 /Applications/Ac6/SystemWorkbench.app/Contents/Eclipse/plugins/fr.ac6.mcu.externaltools.arm-none.macos64_1.17.0.201812190825/tools/compiler/bin/../lib/gcc/arm-none-eabi/7.3.1/thumb/v7-m/crtbegin.o

.rodata         0x0000000008003930      0x324
                0x0000000008003930                . = ALIGN (0x4)
 *(.rodata)
 .rodata        0x0000000008003930      0x1b6 src/ov7670.o
 *(.rodata*)
 .rodata.str1.1
                0x0000000008003ae6       0x3c /Users/daymoon/Documents/workspace/stm32f10x_peripheral_lib/Debug/libstm32f10x_peripheral_lib.a(stm32f10x_dma.o)
 .rodata.str1.1
                0x0000000008003b22       0x3d /Users/daymoon/Documents/workspace/stm32f10x_peripheral_lib/Debug/libstm32f10x_peripheral_lib.a(stm32f10x_gpio.o)
 .rodata.str1.1
                0x0000000008003b5f       0x3c /Users/daymoon/Documents/workspace/stm32f10x_peripheral_lib/Debug/libstm32f10x_peripheral_lib.a(stm32f10x_i2c.o)
 .rodata.str1.1
                0x0000000008003b9b       0x3c /Users/daymoon/Documents/workspace/stm32f10x_peripheral_lib/Debug/libstm32f10x_peripheral_lib.a(stm32f10x_rcc.o)
 .rodata.str1.1
                0x0000000008003bd7       0x3c /Users/daymoon/Documents/workspace/stm32f10x_peripheral_lib/Debug/libstm32f10x_peripheral_lib.a(stm32f10x_spi.o)
 .rodata.str1.1
                0x0000000008003c13       0x3c /Users/daymoon/Documents/workspace/stm32f10x_peripheral_lib/Debug/libstm32f10x_peripheral_lib.a(stm32f10x_tim.o)
 *fill*         0x0000000008003c4f        0x1 
 .rodata._global_impure_ptr
                0x0000000008003c50        0x4 /Applications/Ac6/SystemWorkbench.app/Contents/Eclipse/plugins/fr.ac6.mcu.externaltools.arm-none.macos64_1.17.0.201812190825/tools/compiler/bin/../lib/gcc/arm-none-eabi/7.3.1/../../../../arm-none-eabi/lib/thumb/v7-m/libc.a(lib_a-impure.o)
                0x0000000008003c50                _global_impure_ptr
                0x0000000008003c54                . = ALIGN (0x4)

.rel.dyn        0x0000000008003c54        0x0
 .rel.iplt      0x0000000008003c54        0x0 /Applications/Ac6/SystemWorkbench.app/Contents/Eclipse/plugins/fr.ac6.mcu.externaltools.arm-none.macos64_1.17.0.201812190825/tools/compiler/bin/../lib/gcc/arm-none-eabi/7.3.1/thumb/v7-m/crtbegin.o

.ARM.extab      0x0000000008003c54        0x0
                0x0000000008003c54                . = ALIGN (0x4)
 *(.ARM.extab* .gnu.linkonce.armextab.*)
                0x0000000008003c54                . = ALIGN (0x4)

.ARM            0x0000000008003c54        0x0
                0x0000000008003c54                . = ALIGN (0x4)
                0x0000000008003c54                __exidx_start = .
 *(.ARM.exidx*)
                0x0000000008003c54                __exidx_end = .
                0x0000000008003c54                . = ALIGN (0x4)

.preinit_array  0x0000000008003c54        0x0
                0x0000000008003c54                . = ALIGN (0x4)
                0x0000000008003c54                PROVIDE (__preinit_array_start = .)
 *(.preinit_array*)
                0x0000000008003c54                PROVIDE (__preinit_array_end = .)
                0x0000000008003c54                . = ALIGN (0x4)

.init_array     0x0000000008003c54        0x8
                0x0000000008003c54                . = ALIGN (0x4)
                0x0000000008003c54                PROVIDE (__init_array_start = .)
 *(SORT_BY_NAME(.init_array.*))
 .init_array.00000
                0x0000000008003c54        0x4 /Applications/Ac6/SystemWorkbench.app/Contents/Eclipse/plugins/fr.ac6.mcu.externaltools.arm-none.macos64_1.17.0.201812190825/tools/compiler/bin/../lib/gcc/arm-none-eabi/7.3.1/../../../../arm-none-eabi/lib/thumb/v7-m/libc.a(lib_a-__call_atexit.o)
 *(.init_array*)
 .init_array    0x0000000008003c58        0x4 /Applications/Ac6/SystemWorkbench.app/Contents/Eclipse/plugins/fr.ac6.mcu.externaltools.arm-none.macos64_1.17.0.201812190825/tools/compiler/bin/../lib/gcc/arm-none-eabi/7.3.1/thumb/v7-m/crtbegin.o
                0x0000000008003c5c                PROVIDE (__init_array_end = .)
                0x0000000008003c5c                . = ALIGN (0x4)

.fini_array     0x0000000008003c5c        0x4
                0x0000000008003c5c                . = ALIGN (0x4)
                0x0000000008003c5c                PROVIDE (__fini_array_start = .)
 *(SORT_BY_NAME(.fini_array.*))
 *(.fini_array*)
 .fini_array    0x0000000008003c5c        0x4 /Applications/Ac6/SystemWorkbench.app/Contents/Eclipse/plugins/fr.ac6.mcu.externaltools.arm-none.macos64_1.17.0.201812190825/tools/compiler/bin/../lib/gcc/arm-none-eabi/7.3.1/thumb/v7-m/crtbegin.o
                0x0000000008003c60                PROVIDE (__fini_array_end = .)
                0x0000000008003c60                . = ALIGN (0x4)
                0x0000000008003c60                _sidata = LOADADDR (.data)

.data           0x0000000020000000      0x454 load address 0x0000000008003c60
                0x0000000020000000                . = ALIGN (0x4)
                0x0000000020000000                _sdata = .
 *(.data)
 .data          0x0000000020000000       0x14 src/system_stm32f10x.o
                0x0000000020000000                AHBPrescTable
                0x0000000020000010                SystemCoreClock
 .data          0x0000000020000014       0x14 /Users/daymoon/Documents/workspace/stm32f10x_peripheral_lib/Debug/libstm32f10x_peripheral_lib.a(stm32f10x_rcc.o)
 *(.data*)
 .data.impure_data
                0x0000000020000028      0x428 /Applications/Ac6/SystemWorkbench.app/Contents/Eclipse/plugins/fr.ac6.mcu.externaltools.arm-none.macos64_1.17.0.201812190825/tools/compiler/bin/../lib/gcc/arm-none-eabi/7.3.1/../../../../arm-none-eabi/lib/thumb/v7-m/libc.a(lib_a-impure.o)
 .data.__atexit_recursive_mutex
                0x0000000020000450        0x4 /Applications/Ac6/SystemWorkbench.app/Contents/Eclipse/plugins/fr.ac6.mcu.externaltools.arm-none.macos64_1.17.0.201812190825/tools/compiler/bin/../lib/gcc/arm-none-eabi/7.3.1/../../../../arm-none-eabi/lib/thumb/v7-m/libc.a(lib_a-__call_atexit.o)
                0x0000000020000450                __atexit_recursive_mutex
                0x0000000020000454                . = ALIGN (0x4)
                0x0000000020000454                _edata = .

.igot.plt       0x0000000020000454        0x0 load address 0x00000000080040b4
 .igot.plt      0x0000000020000454        0x0 /Applications/Ac6/SystemWorkbench.app/Contents/Eclipse/plugins/fr.ac6.mcu.externaltools.arm-none.macos64_1.17.0.201812190825/tools/compiler/bin/../lib/gcc/arm-none-eabi/7.3.1/thumb/v7-m/crtbegin.o
                0x0000000020000454                . = ALIGN (0x4)

.bss            0x0000000020000454      0x42c load address 0x00000000080040b4
                0x0000000020000454                _sbss = .
                0x0000000020000454                __bss_start__ = _sbss
 *(.bss)
 .bss           0x0000000020000454       0x1c /Applications/Ac6/SystemWorkbench.app/Contents/Eclipse/plugins/fr.ac6.mcu.externaltools.arm-none.macos64_1.17.0.201812190825/tools/compiler/bin/../lib/gcc/arm-none-eabi/7.3.1/thumb/v7-m/crtbegin.o
 .bss           0x0000000020000470        0x1 src/camera.o
 .bss           0x0000000020000471        0x1 src/delay.o
 *fill*         0x0000000020000472        0x2 
 .bss           0x0000000020000474      0x168 src/scheduler.o
 *(.bss*)
 *(COMMON)
 COMMON         0x00000000200005dc      0x280 src/camera.o
                0x00000000200005dc                rowdata
 COMMON         0x000000002000085c       0x21 /Applications/Ac6/SystemWorkbench.app/Contents/Eclipse/plugins/fr.ac6.mcu.externaltools.arm-none.macos64_1.17.0.201812190825/tools/compiler/bin/../lib/gcc/arm-none-eabi/7.3.1/../../../../arm-none-eabi/lib/thumb/v7-m/libc.a(lib_a-lock.o)
                0x000000002000085c                __lock___atexit_recursive_mutex
                0x0000000020000860                __lock___arc4random_mutex
                0x0000000020000864                __lock___env_recursive_mutex
                0x0000000020000868                __lock___sinit_recursive_mutex
                0x000000002000086c                __lock___malloc_recursive_mutex
                0x0000000020000870                __lock___at_quick_exit_mutex
                0x0000000020000874                __lock___dd_hash_mutex
                0x0000000020000878                __lock___tz_mutex
                0x000000002000087c                __lock___sfp_recursive_mutex
                0x0000000020000880                . = ALIGN (0x4)
 *fill*         0x000000002000087d        0x3 
                0x0000000020000880                _ebss = .
                0x0000000020000880                __bss_end__ = _ebss

._user_heap_stack
                0x0000000020000880      0x400 load address 0x00000000080040b4
                0x0000000020000880                . = ALIGN (0x8)
                0x0000000020000880                PROVIDE (end = .)
                [!provide]                        PROVIDE (_end = .)
                0x0000000020000880                . = (. + _Min_Heap_Size)
                0x0000000020000c80                . = (. + _Min_Stack_Size)
 *fill*         0x0000000020000880      0x400 
                0x0000000020000c80                . = ALIGN (0x8)

/DISCARD/
 libc.a(*)
 libm.a(*)
 libgcc.a(*)

.ARM.attributes
                0x0000000000000000       0x29
 *(.ARM.attributes)
 .ARM.attributes
                0x0000000000000000       0x1d /Applications/Ac6/SystemWorkbench.app/Contents/Eclipse/plugins/fr.ac6.mcu.externaltools.arm-none.macos64_1.17.0.201812190825/tools/compiler/bin/../lib/gcc/arm-none-eabi/7.3.1/thumb/v7-m/crti.o
 .ARM.attributes
                0x000000000000001d       0x2d /Applications/Ac6/SystemWorkbench.app/Contents/Eclipse/plugins/fr.ac6.mcu.externaltools.arm-none.macos64_1.17.0.201812190825/tools/compiler/bin/../lib/gcc/arm-none-eabi/7.3.1/thumb/v7-m/crtbegin.o
 .ARM.attributes
                0x000000000000004a       0x33 src/camera.o
 .ARM.attributes
                0x000000000000007d       0x33 src/delay.o
 .ARM.attributes
                0x00000000000000b0       0x33 src/gpio.o
 .ARM.attributes
                0x00000000000000e3       0x33 src/i2c.o
 .ARM.attributes
                0x0000000000000116       0x33 src/ili9341.o
 .ARM.attributes
                0x0000000000000149       0x33 src/leds.o
 .ARM.attributes
                0x000000000000017c       0x33 src/main.o
 .ARM.attributes
                0x00000000000001af       0x33 src/mcuperipherals.o
 .ARM.attributes
                0x00000000000001e2       0x33 src/ov7670.o
 .ARM.attributes
                0x0000000000000215       0x33 src/scheduler.o
 .ARM.attributes
                0x0000000000000248       0x33 src/services.o
 .ARM.attributes
                0x000000000000027b       0x33 src/spi.o
 .ARM.attributes
                0x00000000000002ae       0x33 src/stm32f10x_it.o
 .ARM.attributes
                0x00000000000002e1       0x33 src/system_stm32f10x.o
 .ARM.attributes
                0x0000000000000314       0x33 src/timer.o
 .ARM.attributes
                0x0000000000000347       0x21 startup/startup_stm32.o
 .ARM.attributes
                0x0000000000000368       0x33 /Users/daymoon/Documents/workspace/stm32f10x_peripheral_lib/Debug/libstm32f10x_peripheral_lib.a(stm32f10x_dma.o)
 .ARM.attributes
                0x000000000000039b       0x33 /Users/daymoon/Documents/workspace/stm32f10x_peripheral_lib/Debug/libstm32f10x_peripheral_lib.a(stm32f10x_gpio.o)
 .ARM.attributes
                0x00000000000003ce       0x33 /Users/daymoon/Documents/workspace/stm32f10x_peripheral_lib/Debug/libstm32f10x_peripheral_lib.a(stm32f10x_i2c.o)
 .ARM.attributes
                0x0000000000000401       0x33 /Users/daymoon/Documents/workspace/stm32f10x_peripheral_lib/Debug/libstm32f10x_peripheral_lib.a(stm32f10x_rcc.o)
 .ARM.attributes
                0x0000000000000434       0x33 /Users/daymoon/Documents/workspace/stm32f10x_peripheral_lib/Debug/libstm32f10x_peripheral_lib.a(stm32f10x_spi.o)
 .ARM.attributes
                0x0000000000000467       0x33 /Users/daymoon/Documents/workspace/stm32f10x_peripheral_lib/Debug/libstm32f10x_peripheral_lib.a(stm32f10x_tim.o)
 .ARM.attributes
                0x000000000000049a       0x2d /Applications/Ac6/SystemWorkbench.app/Contents/Eclipse/plugins/fr.ac6.mcu.externaltools.arm-none.macos64_1.17.0.201812190825/tools/compiler/bin/../lib/gcc/arm-none-eabi/7.3.1/../../../../arm-none-eabi/lib/thumb/v7-m/libc.a(lib_a-impure.o)
 .ARM.attributes
                0x00000000000004c7       0x2d /Applications/Ac6/SystemWorkbench.app/Contents/Eclipse/plugins/fr.ac6.mcu.externaltools.arm-none.macos64_1.17.0.201812190825/tools/compiler/bin/../lib/gcc/arm-none-eabi/7.3.1/../../../../arm-none-eabi/lib/thumb/v7-m/libc.a(lib_a-init.o)
 .ARM.attributes
                0x00000000000004f4       0x2d /Applications/Ac6/SystemWorkbench.app/Contents/Eclipse/plugins/fr.ac6.mcu.externaltools.arm-none.macos64_1.17.0.201812190825/tools/compiler/bin/../lib/gcc/arm-none-eabi/7.3.1/../../../../arm-none-eabi/lib/thumb/v7-m/libc.a(lib_a-__call_atexit.o)
 .ARM.attributes
                0x0000000000000521       0x2d /Applications/Ac6/SystemWorkbench.app/Contents/Eclipse/plugins/fr.ac6.mcu.externaltools.arm-none.macos64_1.17.0.201812190825/tools/compiler/bin/../lib/gcc/arm-none-eabi/7.3.1/../../../../arm-none-eabi/lib/thumb/v7-m/libc.a(lib_a-atexit.o)
 .ARM.attributes
                0x000000000000054e       0x2d /Applications/Ac6/SystemWorkbench.app/Contents/Eclipse/plugins/fr.ac6.mcu.externaltools.arm-none.macos64_1.17.0.201812190825/tools/compiler/bin/../lib/gcc/arm-none-eabi/7.3.1/../../../../arm-none-eabi/lib/thumb/v7-m/libc.a(lib_a-fini.o)
 .ARM.attributes
                0x000000000000057b       0x2d /Applications/Ac6/SystemWorkbench.app/Contents/Eclipse/plugins/fr.ac6.mcu.externaltools.arm-none.macos64_1.17.0.201812190825/tools/compiler/bin/../lib/gcc/arm-none-eabi/7.3.1/../../../../arm-none-eabi/lib/thumb/v7-m/libc.a(lib_a-lock.o)
 .ARM.attributes
                0x00000000000005a8       0x2d /Applications/Ac6/SystemWorkbench.app/Contents/Eclipse/plugins/fr.ac6.mcu.externaltools.arm-none.macos64_1.17.0.201812190825/tools/compiler/bin/../lib/gcc/arm-none-eabi/7.3.1/../../../../arm-none-eabi/lib/thumb/v7-m/libc.a(lib_a-__atexit.o)
 .ARM.attributes
                0x00000000000005d5       0x1d /Applications/Ac6/SystemWorkbench.app/Contents/Eclipse/plugins/fr.ac6.mcu.externaltools.arm-none.macos64_1.17.0.201812190825/tools/compiler/bin/../lib/gcc/arm-none-eabi/7.3.1/thumb/v7-m/crtn.o
OUTPUT(BlueCAM_sensor.elf elf32-littlearm)

.debug_info     0x0000000000000000    0x176fe
 .debug_info    0x0000000000000000      0xcf0 src/camera.o
 .debug_info    0x0000000000000cf0      0x19d src/delay.o
 .debug_info    0x0000000000000e8d      0x349 src/gpio.o
 .debug_info    0x00000000000011d6      0xd13 src/i2c.o
 .debug_info    0x0000000000001ee9     0xb6a4 src/ili9341.o
 .debug_info    0x000000000000d58d       0xd9 src/leds.o
 .debug_info    0x000000000000d666      0x194 src/main.o
 .debug_info    0x000000000000d7fa      0x108 src/mcuperipherals.o
 .debug_info    0x000000000000d902      0x5d4 src/ov7670.o
 .debug_info    0x000000000000ded6      0x7fa src/scheduler.o
 .debug_info    0x000000000000e6d0      0x256 src/services.o
 .debug_info    0x000000000000e926      0x67d src/spi.o
 .debug_info    0x000000000000efa3      0x13c src/stm32f10x_it.o
 .debug_info    0x000000000000f0df      0x474 src/system_stm32f10x.o
 .debug_info    0x000000000000f553      0x8df src/timer.o
 .debug_info    0x000000000000fe32       0x22 startup/startup_stm32.o
 .debug_info    0x000000000000fe54      0x708 /Users/daymoon/Documents/workspace/stm32f10x_peripheral_lib/Debug/libstm32f10x_peripheral_lib.a(stm32f10x_dma.o)
 .debug_info    0x000000000001055c      0xb45 /Users/daymoon/Documents/workspace/stm32f10x_peripheral_lib/Debug/libstm32f10x_peripheral_lib.a(stm32f10x_gpio.o)
 .debug_info    0x00000000000110a1     0x12bf /Users/daymoon/Documents/workspace/stm32f10x_peripheral_lib/Debug/libstm32f10x_peripheral_lib.a(stm32f10x_i2c.o)
 .debug_info    0x0000000000012360      0xc8d /Users/daymoon/Documents/workspace/stm32f10x_peripheral_lib/Debug/libstm32f10x_peripheral_lib.a(stm32f10x_rcc.o)
 .debug_info    0x0000000000012fed      0xf8f /Users/daymoon/Documents/workspace/stm32f10x_peripheral_lib/Debug/libstm32f10x_peripheral_lib.a(stm32f10x_spi.o)
 .debug_info    0x0000000000013f7c     0x3782 /Users/daymoon/Documents/workspace/stm32f10x_peripheral_lib/Debug/libstm32f10x_peripheral_lib.a(stm32f10x_tim.o)

.debug_abbrev   0x0000000000000000     0x26ac
 .debug_abbrev  0x0000000000000000      0x2d0 src/camera.o
 .debug_abbrev  0x00000000000002d0      0x143 src/delay.o
 .debug_abbrev  0x0000000000000413      0x14d src/gpio.o
 .debug_abbrev  0x0000000000000560      0x22a src/i2c.o
 .debug_abbrev  0x000000000000078a      0x40f src/ili9341.o
 .debug_abbrev  0x0000000000000b99       0xa8 src/leds.o
 .debug_abbrev  0x0000000000000c41       0xcd src/main.o
 .debug_abbrev  0x0000000000000d0e       0xa7 src/mcuperipherals.o
 .debug_abbrev  0x0000000000000db5      0x1f6 src/ov7670.o
 .debug_abbrev  0x0000000000000fab      0x2e5 src/scheduler.o
 .debug_abbrev  0x0000000000001290      0x166 src/services.o
 .debug_abbrev  0x00000000000013f6      0x1cd src/spi.o
 .debug_abbrev  0x00000000000015c3       0xe4 src/stm32f10x_it.o
 .debug_abbrev  0x00000000000016a7      0x1bc src/system_stm32f10x.o
 .debug_abbrev  0x0000000000001863      0x1c1 src/timer.o
 .debug_abbrev  0x0000000000001a24       0x12 startup/startup_stm32.o
 .debug_abbrev  0x0000000000001a36      0x1b3 /Users/daymoon/Documents/workspace/stm32f10x_peripheral_lib/Debug/libstm32f10x_peripheral_lib.a(stm32f10x_dma.o)
 .debug_abbrev  0x0000000000001be9      0x235 /Users/daymoon/Documents/workspace/stm32f10x_peripheral_lib/Debug/libstm32f10x_peripheral_lib.a(stm32f10x_gpio.o)
 .debug_abbrev  0x0000000000001e1e      0x1ff /Users/daymoon/Documents/workspace/stm32f10x_peripheral_lib/Debug/libstm32f10x_peripheral_lib.a(stm32f10x_i2c.o)
 .debug_abbrev  0x000000000000201d      0x20b /Users/daymoon/Documents/workspace/stm32f10x_peripheral_lib/Debug/libstm32f10x_peripheral_lib.a(stm32f10x_rcc.o)
 .debug_abbrev  0x0000000000002228      0x200 /Users/daymoon/Documents/workspace/stm32f10x_peripheral_lib/Debug/libstm32f10x_peripheral_lib.a(stm32f10x_spi.o)
 .debug_abbrev  0x0000000000002428      0x284 /Users/daymoon/Documents/workspace/stm32f10x_peripheral_lib/Debug/libstm32f10x_peripheral_lib.a(stm32f10x_tim.o)

.debug_loc      0x0000000000000000     0x8019
 .debug_loc     0x0000000000000000       0xe3 src/camera.o
 .debug_loc     0x00000000000000e3       0x35 src/delay.o
 .debug_loc     0x0000000000000118      0x2c8 src/i2c.o
 .debug_loc     0x00000000000003e0     0x1ed7 src/ili9341.o
 .debug_loc     0x00000000000022b7      0x2e6 src/ov7670.o
 .debug_loc     0x000000000000259d      0x155 src/scheduler.o
 .debug_loc     0x00000000000026f2       0x13 src/services.o
 .debug_loc     0x0000000000002705       0xa6 src/spi.o
 .debug_loc     0x00000000000027ab       0xbc src/system_stm32f10x.o
 .debug_loc     0x0000000000002867      0x3d0 /Users/daymoon/Documents/workspace/stm32f10x_peripheral_lib/Debug/libstm32f10x_peripheral_lib.a(stm32f10x_dma.o)
 .debug_loc     0x0000000000002c37      0x8f6 /Users/daymoon/Documents/workspace/stm32f10x_peripheral_lib/Debug/libstm32f10x_peripheral_lib.a(stm32f10x_gpio.o)
 .debug_loc     0x000000000000352d      0xd1b /Users/daymoon/Documents/workspace/stm32f10x_peripheral_lib/Debug/libstm32f10x_peripheral_lib.a(stm32f10x_i2c.o)
 .debug_loc     0x0000000000004248      0x9a6 /Users/daymoon/Documents/workspace/stm32f10x_peripheral_lib/Debug/libstm32f10x_peripheral_lib.a(stm32f10x_rcc.o)
 .debug_loc     0x0000000000004bee      0x950 /Users/daymoon/Documents/workspace/stm32f10x_peripheral_lib/Debug/libstm32f10x_peripheral_lib.a(stm32f10x_spi.o)
 .debug_loc     0x000000000000553e     0x2adb /Users/daymoon/Documents/workspace/stm32f10x_peripheral_lib/Debug/libstm32f10x_peripheral_lib.a(stm32f10x_tim.o)

.debug_aranges  0x0000000000000000      0xaf8
 .debug_aranges
                0x0000000000000000       0x48 src/camera.o
 .debug_aranges
                0x0000000000000048       0x28 src/delay.o
 .debug_aranges
                0x0000000000000070       0x20 src/gpio.o
 .debug_aranges
                0x0000000000000090       0x58 src/i2c.o
 .debug_aranges
                0x00000000000000e8       0xc8 src/ili9341.o
 .debug_aranges
                0x00000000000001b0       0x20 src/leds.o
 .debug_aranges
                0x00000000000001d0       0x28 src/main.o
 .debug_aranges
                0x00000000000001f8       0x20 src/mcuperipherals.o
 .debug_aranges
                0x0000000000000218       0x38 src/ov7670.o
 .debug_aranges
                0x0000000000000250       0x58 src/scheduler.o
 .debug_aranges
                0x00000000000002a8       0x38 src/services.o
 .debug_aranges
                0x00000000000002e0       0x40 src/spi.o
 .debug_aranges
                0x0000000000000320       0x48 src/stm32f10x_it.o
 .debug_aranges
                0x0000000000000368       0x28 src/system_stm32f10x.o
 .debug_aranges
                0x0000000000000390       0x40 src/timer.o
 .debug_aranges
                0x00000000000003d0       0x28 startup/startup_stm32.o
 .debug_aranges
                0x00000000000003f8       0x70 /Users/daymoon/Documents/workspace/stm32f10x_peripheral_lib/Debug/libstm32f10x_peripheral_lib.a(stm32f10x_dma.o)
 .debug_aranges
                0x0000000000000468       0xa8 /Users/daymoon/Documents/workspace/stm32f10x_peripheral_lib/Debug/libstm32f10x_peripheral_lib.a(stm32f10x_gpio.o)
 .debug_aranges
                0x0000000000000510      0x120 /Users/daymoon/Documents/workspace/stm32f10x_peripheral_lib/Debug/libstm32f10x_peripheral_lib.a(stm32f10x_i2c.o)
 .debug_aranges
                0x0000000000000630      0x118 /Users/daymoon/Documents/workspace/stm32f10x_peripheral_lib/Debug/libstm32f10x_peripheral_lib.a(stm32f10x_rcc.o)
 .debug_aranges
                0x0000000000000748       0xd0 /Users/daymoon/Documents/workspace/stm32f10x_peripheral_lib/Debug/libstm32f10x_peripheral_lib.a(stm32f10x_spi.o)
 .debug_aranges
                0x0000000000000818      0x2e0 /Users/daymoon/Documents/workspace/stm32f10x_peripheral_lib/Debug/libstm32f10x_peripheral_lib.a(stm32f10x_tim.o)

.debug_ranges   0x0000000000000000     0x1260
 .debug_ranges  0x0000000000000000       0x50 src/camera.o
 .debug_ranges  0x0000000000000050       0x38 src/delay.o
 .debug_ranges  0x0000000000000088       0x10 src/gpio.o
 .debug_ranges  0x0000000000000098       0x60 src/i2c.o
 .debug_ranges  0x00000000000000f8      0x7c0 src/ili9341.o
 .debug_ranges  0x00000000000008b8       0x10 src/leds.o
 .debug_ranges  0x00000000000008c8       0x18 src/main.o
 .debug_ranges  0x00000000000008e0       0x10 src/mcuperipherals.o
 .debug_ranges  0x00000000000008f0       0x50 src/ov7670.o
 .debug_ranges  0x0000000000000940       0xb0 src/scheduler.o
 .debug_ranges  0x00000000000009f0       0x28 src/services.o
 .debug_ranges  0x0000000000000a18       0x68 src/spi.o
 .debug_ranges  0x0000000000000a80       0x38 src/stm32f10x_it.o
 .debug_ranges  0x0000000000000ab8       0x40 src/system_stm32f10x.o
 .debug_ranges  0x0000000000000af8       0x48 src/timer.o
 .debug_ranges  0x0000000000000b40       0x20 startup/startup_stm32.o
 .debug_ranges  0x0000000000000b60       0x60 /Users/daymoon/Documents/workspace/stm32f10x_peripheral_lib/Debug/libstm32f10x_peripheral_lib.a(stm32f10x_dma.o)
 .debug_ranges  0x0000000000000bc0       0x98 /Users/daymoon/Documents/workspace/stm32f10x_peripheral_lib/Debug/libstm32f10x_peripheral_lib.a(stm32f10x_gpio.o)
 .debug_ranges  0x0000000000000c58      0x110 /Users/daymoon/Documents/workspace/stm32f10x_peripheral_lib/Debug/libstm32f10x_peripheral_lib.a(stm32f10x_i2c.o)
 .debug_ranges  0x0000000000000d68      0x108 /Users/daymoon/Documents/workspace/stm32f10x_peripheral_lib/Debug/libstm32f10x_peripheral_lib.a(stm32f10x_rcc.o)
 .debug_ranges  0x0000000000000e70       0xc0 /Users/daymoon/Documents/workspace/stm32f10x_peripheral_lib/Debug/libstm32f10x_peripheral_lib.a(stm32f10x_spi.o)
 .debug_ranges  0x0000000000000f30      0x330 /Users/daymoon/Documents/workspace/stm32f10x_peripheral_lib/Debug/libstm32f10x_peripheral_lib.a(stm32f10x_tim.o)

.debug_macro    0x0000000000000000    0x12392
 .debug_macro   0x0000000000000000      0x1fa src/camera.o
 .debug_macro   0x00000000000001fa      0xa66 src/camera.o
 .debug_macro   0x0000000000000c60       0x5c src/camera.o
 .debug_macro   0x0000000000000cbc       0x22 src/camera.o
 .debug_macro   0x0000000000000cde       0x22 src/camera.o
 .debug_macro   0x0000000000000d00       0x8e src/camera.o
 .debug_macro   0x0000000000000d8e       0x51 src/camera.o
 .debug_macro   0x0000000000000ddf       0xef src/camera.o
 .debug_macro   0x0000000000000ece       0x6a src/camera.o
 .debug_macro   0x0000000000000f38      0x1df src/camera.o
 .debug_macro   0x0000000000001117      0x69f src/camera.o
 .debug_macro   0x00000000000017b6     0x7dbe src/camera.o
 .debug_macro   0x0000000000009574      0x2df src/camera.o
 .debug_macro   0x0000000000009853      0x144 src/camera.o
 .debug_macro   0x0000000000009997      0x3cf src/camera.o
 .debug_macro   0x0000000000009d66       0xc8 src/camera.o
 .debug_macro   0x0000000000009e2e      0x17a src/camera.o
 .debug_macro   0x0000000000009fa8       0xac src/camera.o
 .debug_macro   0x000000000000a054      0x3ad src/camera.o
 .debug_macro   0x000000000000a401       0x9a src/camera.o
 .debug_macro   0x000000000000a49b      0x2cf src/camera.o
 .debug_macro   0x000000000000a76a      0x279 src/camera.o
 .debug_macro   0x000000000000a9e3      0x2ac src/camera.o
 .debug_macro   0x000000000000ac8f      0x2b1 src/camera.o
 .debug_macro   0x000000000000af40       0x64 src/camera.o
 .debug_macro   0x000000000000afa4       0x82 src/camera.o
 .debug_macro   0x000000000000b026      0x3e2 src/camera.o
 .debug_macro   0x000000000000b408       0x58 src/camera.o
 .debug_macro   0x000000000000b460      0x341 src/camera.o
 .debug_macro   0x000000000000b7a1      0x2c4 src/camera.o
 .debug_macro   0x000000000000ba65      0x711 src/camera.o
 .debug_macro   0x000000000000c176      0x220 src/camera.o
 .debug_macro   0x000000000000c396       0x34 src/camera.o
 .debug_macro   0x000000000000c3ca       0x10 src/camera.o
 .debug_macro   0x000000000000c3da       0x35 src/camera.o
 .debug_macro   0x000000000000c40f       0x64 src/camera.o
 .debug_macro   0x000000000000c473      0x3a2 src/camera.o
 .debug_macro   0x000000000000c815      0x12a src/camera.o
 .debug_macro   0x000000000000c93f      0x13c src/camera.o
 .debug_macro   0x000000000000ca7b       0x16 src/camera.o
 .debug_macro   0x000000000000ca91       0x22 src/camera.o
 .debug_macro   0x000000000000cab3       0x10 src/camera.o
 .debug_macro   0x000000000000cac3      0x202 src/camera.o
 .debug_macro   0x000000000000ccc5       0x16 src/camera.o
 .debug_macro   0x000000000000ccdb      0x1cc src/delay.o
 .debug_macro   0x000000000000cea7       0x10 src/delay.o
 .debug_macro   0x000000000000ceb7      0x124 src/delay.o
 .debug_macro   0x000000000000cfdb      0x19a src/gpio.o
 .debug_macro   0x000000000000d175       0x8b src/gpio.o
 .debug_macro   0x000000000000d200      0x1b2 src/i2c.o
 .debug_macro   0x000000000000d3b2       0x10 src/i2c.o
 .debug_macro   0x000000000000d3c2      0x3a8 src/i2c.o
 .debug_macro   0x000000000000d76a      0x2f0 src/ili9341.o
 .debug_macro   0x000000000000da5a      0x1fc src/ili9341.o
 .debug_macro   0x000000000000dc56       0x18 src/ili9341.o
 .debug_macro   0x000000000000dc6e       0x5e src/ili9341.o
 .debug_macro   0x000000000000dccc       0x35 src/ili9341.o
 .debug_macro   0x000000000000dd01       0x34 src/ili9341.o
 .debug_macro   0x000000000000dd35       0x16 src/ili9341.o
 .debug_macro   0x000000000000dd4b      0x10e src/ili9341.o
 .debug_macro   0x000000000000de59       0x8d src/ili9341.o
 .debug_macro   0x000000000000dee6       0x58 src/ili9341.o
 .debug_macro   0x000000000000df3e       0x1f src/ili9341.o
 .debug_macro   0x000000000000df5d       0x43 src/ili9341.o
 .debug_macro   0x000000000000dfa0       0x20 src/ili9341.o
 .debug_macro   0x000000000000dfc0      0x18e src/ili9341.o
 .debug_macro   0x000000000000e14e      0x330 src/ili9341.o
 .debug_macro   0x000000000000e47e       0x16 src/ili9341.o
 .debug_macro   0x000000000000e494       0x29 src/ili9341.o
 .debug_macro   0x000000000000e4bd       0x16 src/ili9341.o
 .debug_macro   0x000000000000e4d3       0x35 src/ili9341.o
 .debug_macro   0x000000000000e508      0x1c6 src/leds.o
 .debug_macro   0x000000000000e6ce      0x1f1 src/main.o
 .debug_macro   0x000000000000e8bf      0x1b7 src/mcuperipherals.o
 .debug_macro   0x000000000000ea76       0x16 src/mcuperipherals.o
 .debug_macro   0x000000000000ea8c      0x1e2 src/ov7670.o
 .debug_macro   0x000000000000ec6e      0x189 src/scheduler.o
 .debug_macro   0x000000000000edf7       0x22 src/scheduler.o
 .debug_macro   0x000000000000ee19      0x1c2 src/services.o
 .debug_macro   0x000000000000efdb      0x1a0 src/spi.o
 .debug_macro   0x000000000000f17b      0x184 src/stm32f10x_it.o
 .debug_macro   0x000000000000f2ff      0x17e src/system_stm32f10x.o
 .debug_macro   0x000000000000f47d      0x1b2 src/timer.o
 .debug_macro   0x000000000000f62f       0x10 src/timer.o
 .debug_macro   0x000000000000f63f      0x1dc /Users/daymoon/Documents/workspace/stm32f10x_peripheral_lib/Debug/libstm32f10x_peripheral_lib.a(stm32f10x_dma.o)
 .debug_macro   0x000000000000f81b      0xa6c /Users/daymoon/Documents/workspace/stm32f10x_peripheral_lib/Debug/libstm32f10x_peripheral_lib.a(stm32f10x_dma.o)
 .debug_macro   0x0000000000010287       0x10 /Users/daymoon/Documents/workspace/stm32f10x_peripheral_lib/Debug/libstm32f10x_peripheral_lib.a(stm32f10x_dma.o)
 .debug_macro   0x0000000000010297      0x3a7 /Users/daymoon/Documents/workspace/stm32f10x_peripheral_lib/Debug/libstm32f10x_peripheral_lib.a(stm32f10x_dma.o)
 .debug_macro   0x000000000001063e      0x1d6 /Users/daymoon/Documents/workspace/stm32f10x_peripheral_lib/Debug/libstm32f10x_peripheral_lib.a(stm32f10x_gpio.o)
 .debug_macro   0x0000000000010814      0x2a6 /Users/daymoon/Documents/workspace/stm32f10x_peripheral_lib/Debug/libstm32f10x_peripheral_lib.a(stm32f10x_gpio.o)
 .debug_macro   0x0000000000010aba      0x25a /Users/daymoon/Documents/workspace/stm32f10x_peripheral_lib/Debug/libstm32f10x_peripheral_lib.a(stm32f10x_i2c.o)
 .debug_macro   0x0000000000010d14      0x2ab /Users/daymoon/Documents/workspace/stm32f10x_peripheral_lib/Debug/libstm32f10x_peripheral_lib.a(stm32f10x_i2c.o)
 .debug_macro   0x0000000000010fbf      0x2a0 /Users/daymoon/Documents/workspace/stm32f10x_peripheral_lib/Debug/libstm32f10x_peripheral_lib.a(stm32f10x_rcc.o)
 .debug_macro   0x000000000001125f      0x3dc /Users/daymoon/Documents/workspace/stm32f10x_peripheral_lib/Debug/libstm32f10x_peripheral_lib.a(stm32f10x_rcc.o)
 .debug_macro   0x000000000001163b      0x1ee /Users/daymoon/Documents/workspace/stm32f10x_peripheral_lib/Debug/libstm32f10x_peripheral_lib.a(stm32f10x_spi.o)
 .debug_macro   0x0000000000011829      0x2be /Users/daymoon/Documents/workspace/stm32f10x_peripheral_lib/Debug/libstm32f10x_peripheral_lib.a(stm32f10x_spi.o)
 .debug_macro   0x0000000000011ae7      0x1a0 /Users/daymoon/Documents/workspace/stm32f10x_peripheral_lib/Debug/libstm32f10x_peripheral_lib.a(stm32f10x_tim.o)
 .debug_macro   0x0000000000011c87      0x70b /Users/daymoon/Documents/workspace/stm32f10x_peripheral_lib/Debug/libstm32f10x_peripheral_lib.a(stm32f10x_tim.o)

.debug_line     0x0000000000000000     0xe3d0
 .debug_line    0x0000000000000000      0x881 src/camera.o
 .debug_line    0x0000000000000881      0x715 src/delay.o
 .debug_line    0x0000000000000f96      0x6f5 src/gpio.o
 .debug_line    0x000000000000168b      0x7f4 src/i2c.o
 .debug_line    0x0000000000001e7f     0x170c src/ili9341.o
 .debug_line    0x000000000000358b      0x6ee src/leds.o
 .debug_line    0x0000000000003c79      0x743 src/main.o
 .debug_line    0x00000000000043bc      0x705 src/mcuperipherals.o
 .debug_line    0x0000000000004ac1      0x7b7 src/ov7670.o
 .debug_line    0x0000000000005278      0x80f src/scheduler.o
 .debug_line    0x0000000000005a87      0x72f src/services.o
 .debug_line    0x00000000000061b6      0x76c src/spi.o
 .debug_line    0x0000000000006922      0x71a src/stm32f10x_it.o
 .debug_line    0x000000000000703c      0x727 src/system_stm32f10x.o
 .debug_line    0x0000000000007763      0x78b src/timer.o
 .debug_line    0x0000000000007eee       0x7c startup/startup_stm32.o
 .debug_line    0x0000000000007f6a      0xaf4 /Users/daymoon/Documents/workspace/stm32f10x_peripheral_lib/Debug/libstm32f10x_peripheral_lib.a(stm32f10x_dma.o)
 .debug_line    0x0000000000008a5e      0xbfc /Users/daymoon/Documents/workspace/stm32f10x_peripheral_lib/Debug/libstm32f10x_peripheral_lib.a(stm32f10x_gpio.o)
 .debug_line    0x000000000000965a      0xdca /Users/daymoon/Documents/workspace/stm32f10x_peripheral_lib/Debug/libstm32f10x_peripheral_lib.a(stm32f10x_i2c.o)
 .debug_line    0x000000000000a424      0xb6f /Users/daymoon/Documents/workspace/stm32f10x_peripheral_lib/Debug/libstm32f10x_peripheral_lib.a(stm32f10x_rcc.o)
 .debug_line    0x000000000000af93      0xbdd /Users/daymoon/Documents/workspace/stm32f10x_peripheral_lib/Debug/libstm32f10x_peripheral_lib.a(stm32f10x_spi.o)
 .debug_line    0x000000000000bb70     0x2860 /Users/daymoon/Documents/workspace/stm32f10x_peripheral_lib/Debug/libstm32f10x_peripheral_lib.a(stm32f10x_tim.o)

.debug_str      0x0000000000000000    0x55bfc
 .debug_str     0x0000000000000000    0x4eaed src/camera.o
                                      0x4ec6c (size before relaxing)
 .debug_str     0x000000000004eaed       0x6c src/delay.o
                                      0x4d3da (size before relaxing)
 .debug_str     0x000000000004eb59      0x579 src/gpio.o
                                      0x4d918 (size before relaxing)
 .debug_str     0x000000000004f0d2      0x17b src/i2c.o
                                      0x4e317 (size before relaxing)
 .debug_str     0x000000000004f24d     0x3128 src/ili9341.o
                                      0x50d09 (size before relaxing)
 .debug_str     0x0000000000052375       0x1a src/leds.o
                                      0x4d353 (size before relaxing)
 .debug_str     0x000000000005238f       0x70 src/main.o
                                      0x4e78f (size before relaxing)
 .debug_str     0x00000000000523ff       0x61 src/mcuperipherals.o
                                      0x4d318 (size before relaxing)
 .debug_str     0x0000000000052460       0xb6 src/ov7670.o
                                      0x4e1b0 (size before relaxing)
 .debug_str     0x0000000000052516      0x4da src/scheduler.o
                                      0x4d337 (size before relaxing)
 .debug_str     0x00000000000529f0       0x94 src/services.o
                                      0x4d414 (size before relaxing)
 .debug_str     0x0000000000052a84      0x10a src/spi.o
                                      0x4dc2f (size before relaxing)
 .debug_str     0x0000000000052b8e       0xb8 src/stm32f10x_it.o
                                      0x4ce53 (size before relaxing)
 .debug_str     0x0000000000052c46      0x10f src/system_stm32f10x.o
                                      0x4cefa (size before relaxing)
 .debug_str     0x0000000000052d55      0x294 src/timer.o
                                      0x4e3e6 (size before relaxing)
 .debug_str     0x0000000000052fe9       0x29 startup/startup_stm32.o
                                         0x61 (size before relaxing)
 .debug_str     0x0000000000053012      0x6fe /Users/daymoon/Documents/workspace/stm32f10x_peripheral_lib/Debug/libstm32f10x_peripheral_lib.a(stm32f10x_dma.o)
                                      0x4d981 (size before relaxing)
 .debug_str     0x0000000000053710      0x478 /Users/daymoon/Documents/workspace/stm32f10x_peripheral_lib/Debug/libstm32f10x_peripheral_lib.a(stm32f10x_gpio.o)
                                      0x4d856 (size before relaxing)
 .debug_str     0x0000000000053b88      0x7be /Users/daymoon/Documents/workspace/stm32f10x_peripheral_lib/Debug/libstm32f10x_peripheral_lib.a(stm32f10x_i2c.o)
                                      0x4dc0a (size before relaxing)
 .debug_str     0x0000000000054346      0xa08 /Users/daymoon/Documents/workspace/stm32f10x_peripheral_lib/Debug/libstm32f10x_peripheral_lib.a(stm32f10x_rcc.o)
                                      0x4de25 (size before relaxing)
 .debug_str     0x0000000000054d4e      0x4bc /Users/daymoon/Documents/workspace/stm32f10x_peripheral_lib/Debug/libstm32f10x_peripheral_lib.a(stm32f10x_spi.o)
                                      0x4d97f (size before relaxing)
 .debug_str     0x000000000005520a      0x9f2 /Users/daymoon/Documents/workspace/stm32f10x_peripheral_lib/Debug/libstm32f10x_peripheral_lib.a(stm32f10x_tim.o)
                                      0x4df71 (size before relaxing)

.comment        0x0000000000000000       0x7f
 .comment       0x0000000000000000       0x7f src/camera.o
                                         0x80 (size before relaxing)
 .comment       0x000000000000007f       0x80 src/delay.o
 .comment       0x000000000000007f       0x80 src/gpio.o
 .comment       0x000000000000007f       0x80 src/i2c.o
 .comment       0x000000000000007f       0x80 src/ili9341.o
 .comment       0x000000000000007f       0x80 src/leds.o
 .comment       0x000000000000007f       0x80 src/main.o
 .comment       0x000000000000007f       0x80 src/mcuperipherals.o
 .comment       0x000000000000007f       0x80 src/ov7670.o
 .comment       0x000000000000007f       0x80 src/scheduler.o
 .comment       0x000000000000007f       0x80 src/services.o
 .comment       0x000000000000007f       0x80 src/spi.o
 .comment       0x000000000000007f       0x80 src/stm32f10x_it.o
 .comment       0x000000000000007f       0x80 src/system_stm32f10x.o
 .comment       0x000000000000007f       0x80 src/timer.o
 .comment       0x000000000000007f       0x80 /Users/daymoon/Documents/workspace/stm32f10x_peripheral_lib/Debug/libstm32f10x_peripheral_lib.a(stm32f10x_dma.o)
 .comment       0x000000000000007f       0x80 /Users/daymoon/Documents/workspace/stm32f10x_peripheral_lib/Debug/libstm32f10x_peripheral_lib.a(stm32f10x_gpio.o)
 .comment       0x000000000000007f       0x80 /Users/daymoon/Documents/workspace/stm32f10x_peripheral_lib/Debug/libstm32f10x_peripheral_lib.a(stm32f10x_i2c.o)
 .comment       0x000000000000007f       0x80 /Users/daymoon/Documents/workspace/stm32f10x_peripheral_lib/Debug/libstm32f10x_peripheral_lib.a(stm32f10x_rcc.o)
 .comment       0x000000000000007f       0x80 /Users/daymoon/Documents/workspace/stm32f10x_peripheral_lib/Debug/libstm32f10x_peripheral_lib.a(stm32f10x_spi.o)
 .comment       0x000000000000007f       0x80 /Users/daymoon/Documents/workspace/stm32f10x_peripheral_lib/Debug/libstm32f10x_peripheral_lib.a(stm32f10x_tim.o)

.debug_frame    0x0000000000000000     0x2208
 .debug_frame   0x0000000000000000       0xc8 src/camera.o
 .debug_frame   0x00000000000000c8       0x38 src/delay.o
 .debug_frame   0x0000000000000100       0x38 src/gpio.o
 .debug_frame   0x0000000000000138      0x10c src/i2c.o
 .debug_frame   0x0000000000000244      0x308 src/ili9341.o
 .debug_frame   0x000000000000054c       0x20 src/leds.o
 .debug_frame   0x000000000000056c       0x38 src/main.o
 .debug_frame   0x00000000000005a4       0x2c src/mcuperipherals.o
 .debug_frame   0x00000000000005d0       0xac src/ov7670.o
 .debug_frame   0x000000000000067c       0xd8 src/scheduler.o
 .debug_frame   0x0000000000000754       0x70 src/services.o
 .debug_frame   0x00000000000007c4       0x80 src/spi.o
 .debug_frame   0x0000000000000844       0xa0 src/stm32f10x_it.o
 .debug_frame   0x00000000000008e4       0x48 src/system_stm32f10x.o
 .debug_frame   0x000000000000092c       0xa0 src/timer.o
 .debug_frame   0x00000000000009cc      0x124 /Users/daymoon/Documents/workspace/stm32f10x_peripheral_lib/Debug/libstm32f10x_peripheral_lib.a(stm32f10x_dma.o)
 .debug_frame   0x0000000000000af0      0x1fc /Users/daymoon/Documents/workspace/stm32f10x_peripheral_lib/Debug/libstm32f10x_peripheral_lib.a(stm32f10x_gpio.o)
 .debug_frame   0x0000000000000cec      0x3a8 /Users/daymoon/Documents/workspace/stm32f10x_peripheral_lib/Debug/libstm32f10x_peripheral_lib.a(stm32f10x_i2c.o)
 .debug_frame   0x0000000000001094      0x314 /Users/daymoon/Documents/workspace/stm32f10x_peripheral_lib/Debug/libstm32f10x_peripheral_lib.a(stm32f10x_rcc.o)
 .debug_frame   0x00000000000013a8      0x290 /Users/daymoon/Documents/workspace/stm32f10x_peripheral_lib/Debug/libstm32f10x_peripheral_lib.a(stm32f10x_spi.o)
 .debug_frame   0x0000000000001638      0xa10 /Users/daymoon/Documents/workspace/stm32f10x_peripheral_lib/Debug/libstm32f10x_peripheral_lib.a(stm32f10x_tim.o)
 .debug_frame   0x0000000000002048       0x2c /Applications/Ac6/SystemWorkbench.app/Contents/Eclipse/plugins/fr.ac6.mcu.externaltools.arm-none.macos64_1.17.0.201812190825/tools/compiler/bin/../lib/gcc/arm-none-eabi/7.3.1/../../../../arm-none-eabi/lib/thumb/v7-m/libc.a(lib_a-init.o)
 .debug_frame   0x0000000000002074       0x5c /Applications/Ac6/SystemWorkbench.app/Contents/Eclipse/plugins/fr.ac6.mcu.externaltools.arm-none.macos64_1.17.0.201812190825/tools/compiler/bin/../lib/gcc/arm-none-eabi/7.3.1/../../../../arm-none-eabi/lib/thumb/v7-m/libc.a(lib_a-__call_atexit.o)
 .debug_frame   0x00000000000020d0       0x20 /Applications/Ac6/SystemWorkbench.app/Contents/Eclipse/plugins/fr.ac6.mcu.externaltools.arm-none.macos64_1.17.0.201812190825/tools/compiler/bin/../lib/gcc/arm-none-eabi/7.3.1/../../../../arm-none-eabi/lib/thumb/v7-m/libc.a(lib_a-atexit.o)
 .debug_frame   0x00000000000020f0       0x34 /Applications/Ac6/SystemWorkbench.app/Contents/Eclipse/plugins/fr.ac6.mcu.externaltools.arm-none.macos64_1.17.0.201812190825/tools/compiler/bin/../lib/gcc/arm-none-eabi/7.3.1/../../../../arm-none-eabi/lib/thumb/v7-m/libc.a(lib_a-fini.o)
 .debug_frame   0x0000000000002124       0xb0 /Applications/Ac6/SystemWorkbench.app/Contents/Eclipse/plugins/fr.ac6.mcu.externaltools.arm-none.macos64_1.17.0.201812190825/tools/compiler/bin/../lib/gcc/arm-none-eabi/7.3.1/../../../../arm-none-eabi/lib/thumb/v7-m/libc.a(lib_a-lock.o)
 .debug_frame   0x00000000000021d4       0x34 /Applications/Ac6/SystemWorkbench.app/Contents/Eclipse/plugins/fr.ac6.mcu.externaltools.arm-none.macos64_1.17.0.201812190825/tools/compiler/bin/../lib/gcc/arm-none-eabi/7.3.1/../../../../arm-none-eabi/lib/thumb/v7-m/libc.a(lib_a-__atexit.o)
