Archive member included to satisfy reference by file (symbol)

/Users/daymoon/Documents/workspace/stm32f10x_peripheral_lib/Debug/libstm32f10x_peripheral_lib.a(misc.o)
                              src/sensor.o (NVIC_Init)
/Users/daymoon/Documents/workspace/stm32f10x_peripheral_lib/Debug/libstm32f10x_peripheral_lib.a(stm32f10x_dma.o)
                              src/camera.o (DMA_DeInit)
/Users/daymoon/Documents/workspace/stm32f10x_peripheral_lib/Debug/libstm32f10x_peripheral_lib.a(stm32f10x_exti.o)
                              src/sensor.o (EXTI_Init)
/Users/daymoon/Documents/workspace/stm32f10x_peripheral_lib/Debug/libstm32f10x_peripheral_lib.a(stm32f10x_gpio.o)
                              src/camera.o (GPIO_Init)
/Users/daymoon/Documents/workspace/stm32f10x_peripheral_lib/Debug/libstm32f10x_peripheral_lib.a(stm32f10x_i2c.o)
                              src/i2c.o (I2C_Init)
/Users/daymoon/Documents/workspace/stm32f10x_peripheral_lib/Debug/libstm32f10x_peripheral_lib.a(stm32f10x_rcc.o)
                              /Users/daymoon/Documents/workspace/stm32f10x_peripheral_lib/Debug/libstm32f10x_peripheral_lib.a(stm32f10x_i2c.o) (RCC_GetClocksFreq)
/Users/daymoon/Documents/workspace/stm32f10x_peripheral_lib/Debug/libstm32f10x_peripheral_lib.a(stm32f10x_spi.o)
                              src/spi.o (SPI_I2S_DeInit)
/Users/daymoon/Documents/workspace/stm32f10x_peripheral_lib/Debug/libstm32f10x_peripheral_lib.a(stm32f10x_tim.o)
                              src/timer.o (TIM_TimeBaseInit)
/Applications/Ac6/SystemWorkbench.app/Contents/Eclipse/plugins/fr.ac6.mcu.externaltools.arm-none.macos64_1.17.0.201812190825/tools/compiler/bin/../lib/gcc/arm-none-eabi/7.3.1/../../../../arm-none-eabi/lib/thumb/v7-m/libc.a(lib_a-errno.o)
                              startup/sysmem.o (__errno)
/Applications/Ac6/SystemWorkbench.app/Contents/Eclipse/plugins/fr.ac6.mcu.externaltools.arm-none.macos64_1.17.0.201812190825/tools/compiler/bin/../lib/gcc/arm-none-eabi/7.3.1/../../../../arm-none-eabi/lib/thumb/v7-m/libc.a(lib_a-exit.o)
                              /Applications/Ac6/SystemWorkbench.app/Contents/Eclipse/plugins/fr.ac6.mcu.externaltools.arm-none.macos64_1.17.0.201812190825/tools/compiler/bin/../lib/gcc/arm-none-eabi/7.3.1/../../../../arm-none-eabi/lib/thumb/v7-m/crt0.o (exit)
/Applications/Ac6/SystemWorkbench.app/Contents/Eclipse/plugins/fr.ac6.mcu.externaltools.arm-none.macos64_1.17.0.201812190825/tools/compiler/bin/../lib/gcc/arm-none-eabi/7.3.1/../../../../arm-none-eabi/lib/thumb/v7-m/libc.a(lib_a-impure.o)
                              /Applications/Ac6/SystemWorkbench.app/Contents/Eclipse/plugins/fr.ac6.mcu.externaltools.arm-none.macos64_1.17.0.201812190825/tools/compiler/bin/../lib/gcc/arm-none-eabi/7.3.1/../../../../arm-none-eabi/lib/thumb/v7-m/libc.a(lib_a-exit.o) (_global_impure_ptr)
/Applications/Ac6/SystemWorkbench.app/Contents/Eclipse/plugins/fr.ac6.mcu.externaltools.arm-none.macos64_1.17.0.201812190825/tools/compiler/bin/../lib/gcc/arm-none-eabi/7.3.1/../../../../arm-none-eabi/lib/thumb/v7-m/libc.a(lib_a-init.o)
                              /Applications/Ac6/SystemWorkbench.app/Contents/Eclipse/plugins/fr.ac6.mcu.externaltools.arm-none.macos64_1.17.0.201812190825/tools/compiler/bin/../lib/gcc/arm-none-eabi/7.3.1/../../../../arm-none-eabi/lib/thumb/v7-m/crt0.o (__libc_init_array)
/Applications/Ac6/SystemWorkbench.app/Contents/Eclipse/plugins/fr.ac6.mcu.externaltools.arm-none.macos64_1.17.0.201812190825/tools/compiler/bin/../lib/gcc/arm-none-eabi/7.3.1/../../../../arm-none-eabi/lib/thumb/v7-m/libc.a(lib_a-memset.o)
                              /Applications/Ac6/SystemWorkbench.app/Contents/Eclipse/plugins/fr.ac6.mcu.externaltools.arm-none.macos64_1.17.0.201812190825/tools/compiler/bin/../lib/gcc/arm-none-eabi/7.3.1/../../../../arm-none-eabi/lib/thumb/v7-m/crt0.o (memset)
/Applications/Ac6/SystemWorkbench.app/Contents/Eclipse/plugins/fr.ac6.mcu.externaltools.arm-none.macos64_1.17.0.201812190825/tools/compiler/bin/../lib/gcc/arm-none-eabi/7.3.1/../../../../arm-none-eabi/lib/thumb/v7-m/libc.a(lib_a-strlen-stub.o)
                              src/ili9341.o (strlen)
/Applications/Ac6/SystemWorkbench.app/Contents/Eclipse/plugins/fr.ac6.mcu.externaltools.arm-none.macos64_1.17.0.201812190825/tools/compiler/bin/../lib/gcc/arm-none-eabi/7.3.1/../../../../arm-none-eabi/lib/thumb/v7-m/libc.a(lib_a-__call_atexit.o)
                              /Applications/Ac6/SystemWorkbench.app/Contents/Eclipse/plugins/fr.ac6.mcu.externaltools.arm-none.macos64_1.17.0.201812190825/tools/compiler/bin/../lib/gcc/arm-none-eabi/7.3.1/../../../../arm-none-eabi/lib/thumb/v7-m/libc.a(lib_a-exit.o) (__call_exitprocs)
/Applications/Ac6/SystemWorkbench.app/Contents/Eclipse/plugins/fr.ac6.mcu.externaltools.arm-none.macos64_1.17.0.201812190825/tools/compiler/bin/../lib/gcc/arm-none-eabi/7.3.1/../../../../arm-none-eabi/lib/thumb/v7-m/libc.a(lib_a-atexit.o)
[...]
Memory Configuration

Name             Origin             Length             Attributes
RAM              0x0000000020000000 0x0000000000005000 xrw
ROM              0x0000000008000000 0x0000000000010000 xr
*default*        0x0000000000000000 0xffffffffffffffff

Linker script and memory map

LOAD /Applications/Ac6/SystemWorkbench.app/Contents/Eclipse/plugins/fr.ac6.mcu.externaltools.arm-none.macos64_1.17.0.201812190825/tools/compiler/bin/../lib/gcc/arm-none-eabi/7.3.1/thumb/v7-m/crti.o
LOAD /Applications/Ac6/SystemWorkbench.app/Contents/Eclipse/plugins/fr.ac6.mcu.externaltools.arm-none.macos64_1.17.0.201812190825/tools/compiler/bin/../lib/gcc/arm-none-eabi/7.3.1/thumb/v7-m/crtbegin.o
LOAD /Applications/Ac6/SystemWorkbench.app/Contents/Eclipse/plugins/fr.ac6.mcu.externaltools.arm-none.macos64_1.17.0.201812190825/tools/compiler/bin/../lib/gcc/arm-none-eabi/7.3.1/../../../../arm-none-eabi/lib/thumb/v7-m/crt0.o
LOAD src/camera.o
LOAD src/delay.o
LOAD src/gpio.o
LOAD src/i2c.o
LOAD src/ili9341.o
LOAD src/leds.o
LOAD src/main.o
LOAD src/mcuperipherals.o
LOAD src/ov7670.o
LOAD src/scheduler.o
LOAD src/sensor.o
LOAD src/services.o
LOAD src/spi.o
LOAD src/stm32f10x_it.o
LOAD src/system_stm32f10x.o
LOAD src/timer.o
LOAD startup/startup_stm32.o
LOAD startup/sysmem.o
LOAD /Users/daymoon/Documents/workspace/stm32f10x_peripheral_lib/Debug/libstm32f10x_peripheral_lib.a
LOAD /Applications/Ac6/SystemWorkbench.app/Contents/Eclipse/plugins/fr.ac6.mcu.externaltools.arm-none.macos64_1.17.0.201812190825/tools/compiler/bin/../lib/gcc/arm-none-eabi/7.3.1/../../../../arm-none-eabi/lib/thumb/v7-m/libm.a
START GROUP
LOAD /Applications/Ac6/SystemWorkbench.app/Contents/Eclipse/plugins/fr.ac6.mcu.externaltools.arm-none.macos64_1.17.0.201812190825/tools/compiler/bin/../lib/gcc/arm-none-eabi/7.3.1/thumb/v7-m/libgcc.a
LOAD /Applications/Ac6/SystemWorkbench.app/Contents/Eclipse/plugins/fr.ac6.mcu.externaltools.arm-none.macos64_1.17.0.201812190825/tools/compiler/bin/../lib/gcc/arm-none-eabi/7.3.1/../../../../arm-none-eabi/lib/thumb/v7-m/libc.a
END GROUP
LOAD /Applications/Ac6/SystemWorkbench.app/Contents/Eclipse/plugins/fr.ac6.mcu.externaltools.arm-none.macos64_1.17.0.201812190825/tools/compiler/bin/../lib/gcc/arm-none-eabi/7.3.1/thumb/v7-m/crtend.o
LOAD /Applications/Ac6/SystemWorkbench.app/Contents/Eclipse/plugins/fr.ac6.mcu.externaltools.arm-none.macos64_1.17.0.201812190825/tools/compiler/bin/../lib/gcc/arm-none-eabi/7.3.1/thumb/v7-m/crtn.o
                0x0000000020005000                _estack = 0x20005000
                0x0000000000000000                _Min_Heap_Size = 0x0
                0x0000000000000400                _Min_Stack_Size = 0x400

.isr_vector     0x0000000008000000      0x130
                0x0000000008000000                . = ALIGN (0x4)
 *(.isr_vector)
 .isr_vector    0x0000000008000000      0x130 startup/startup_stm32.o
                0x0000000008000000                g_pfnVectors
                0x0000000008000130                . = ALIGN (0x4)

.text           0x0000000008000130     0x23a4
                0x0000000008000130                . = ALIGN (0x4)
 *(.text)
 .text          0x0000000008000130       0x40 /Applications/Ac6/SystemWorkbench.app/Contents/Eclipse/plugins/fr.ac6.mcu.externaltools.arm-none.macos64_1.17.0.201812190825/tools/compiler/bin/../lib/gcc/arm-none-eabi/7.3.1/thumb/v7-m/crtbegin.o
 *(.text*)
 .text.camera_config
                0x0000000008000170       0xf0 src/camera.o
                0x0000000008000170                camera_config
 .text.camera_get_image
                0x0000000008000260      0x138 src/camera.o
                0x0000000008000260                camera_get_image
 .text.camera_ReadReg
                0x0000000008000398       0x58 src/camera.o
                0x0000000008000398                camera_ReadReg
 .text.camera_WriteReg
                0x00000000080003f0       0x44 src/camera.o
                0x00000000080003f0                camera_WriteReg
 .text.delay_ms
                0x0000000008000434       0x2c src/delay.o
                0x0000000008000434                delay_ms
 .text.Set_Delay_finished
                0x0000000008000460        0xc src/delay.o
                0x0000000008000460                Set_Delay_finished
 .text.gpio_init
                0x000000000800046c       0x80 src/gpio.o
                0x000000000800046c                gpio_init
 .text.i2c_init
                0x00000000080004ec       0x94 src/i2c.o
                0x00000000080004ec                i2c_init
 .text.I2C_start
                0x0000000008000580       0x68 src/i2c.o
                0x0000000008000580                I2C_start
 .text.I2C_write
                0x00000000080005e8       0x1c src/i2c.o
                0x00000000080005e8                I2C_write
 .text.I2C_read_nack
                0x0000000008000604       0x30 src/i2c.o
                0x0000000008000604                I2C_read_nack
 .text.I2C_stop
                0x0000000008000634        0x8 src/i2c.o
                0x0000000008000634                I2C_stop
 .text.leds_config
                0x000000000800063c       0x10 src/leds.o
                0x000000000800063c                leds_config
 .text.startup.main
                0x000000000800064c       0x20 src/main.o
                0x000000000800064c                main
 .text.assert_failed
                0x000000000800066c        0x4 src/main.o
                0x000000000800066c                assert_failed
 .text.mcuperipherals_init
                0x0000000008000670       0x18 src/mcuperipherals.o
                0x0000000008000670                mcuperipherals_init
 .text.ov7670_setColorSpace
                0x0000000008000688      0x114 src/ov7670.o
                0x0000000008000688                ov7670_setColorSpace
 .text.ov7670_setRes
                0x000000000800079c      0x11c src/ov7670.o
                0x000000000800079c                ov7670_setRes
 .text.ov7670_init
                0x00000000080008b8       0x70 src/ov7670.o
                0x00000000080008b8                ov7670_init
 .text.Scheduler_init
                0x0000000008000928       0x50 src/scheduler.o
                0x0000000008000928                Scheduler_init
 .text.Scheduler_start
                0x0000000008000978        0x4 src/scheduler.o
                0x0000000008000978                Scheduler_start
 .text.Scheduler_Dispatch_Tasks
                0x000000000800097c       0x30 src/scheduler.o
                0x000000000800097c                Scheduler_Dispatch_Tasks
 .text.Scheduler_Add_Task
                0x00000000080009ac       0x3c src/scheduler.o
                0x00000000080009ac                Scheduler_Add_Task
 .text.Run_scheduler
                0x00000000080009e8       0x38 src/scheduler.o
                0x00000000080009e8                Run_scheduler
 .text.sensor_config
                0x0000000008000a20       0x48 src/sensor.o
                0x0000000008000a20                sensor_config
 .text.sensor_line_ready
                0x0000000008000a68       0x18 src/sensor.o
                0x0000000008000a68                sensor_line_ready
 .text.LED_service
                0x0000000008000a80       0x28 src/services.o
                0x0000000008000a80                LED_service
 .text.Delay_service
                0x0000000008000aa8        0x8 src/services.o
                0x0000000008000aa8                Delay_service
 .text.Camera_get_image_service
                0x0000000008000ab0        0x4 src/services.o
                0x0000000008000ab0                Camera_get_image_service
 .text.spi_init
                0x0000000008000ab4       0x84 src/spi.o
                0x0000000008000ab4                spi_init
 .text.NMI_Handler
                0x0000000008000b38        0x4 src/stm32f10x_it.o
                0x0000000008000b38                NMI_Handler
 .text.HardFault_Handler
                0x0000000008000b3c        0x4 src/stm32f10x_it.o
                0x0000000008000b3c                HardFault_Handler
 .text.MemManage_Handler
                0x0000000008000b40        0x4 src/stm32f10x_it.o
                0x0000000008000b40                MemManage_Handler
 .text.BusFault_Handler
                0x0000000008000b44        0x4 src/stm32f10x_it.o
                0x0000000008000b44                BusFault_Handler
 .text.UsageFault_Handler
                0x0000000008000b48        0x4 src/stm32f10x_it.o
                0x0000000008000b48                UsageFault_Handler
 .text.SVC_Handler
                0x0000000008000b4c        0x4 src/stm32f10x_it.o
                0x0000000008000b4c                SVC_Handler
 .text.DebugMon_Handler
                0x0000000008000b50        0x4 src/stm32f10x_it.o
                0x0000000008000b50                DebugMon_Handler
 .text.PendSV_Handler
                0x0000000008000b54        0x4 src/stm32f10x_it.o
                0x0000000008000b54                PendSV_Handler
 .text.SysTick_Handler
                0x0000000008000b58        0x4 src/stm32f10x_it.o
                0x0000000008000b58                SysTick_Handler
 .text.EXTI15_10_IRQHandler
                0x0000000008000b5c       0x28 src/stm32f10x_it.o
                0x0000000008000b5c                EXTI15_10_IRQHandler
 .text.SystemInit
                0x0000000008000b84      0x104 src/system_stm32f10x.o
                0x0000000008000b84                SystemInit
 .text.timer_timebase_init
                0x0000000008000c88       0x98 src/timer.o
                0x0000000008000c88                timer_timebase_init
 .text.Reset_Handler
                0x0000000008000d20       0x50 startup/startup_stm32.o
                0x0000000008000d20                Reset_Handler
 .text.Default_Handler
                0x0000000008000d70        0x2 startup/startup_stm32.o
                0x0000000008000d70                DMA2_Channel3_IRQHandler
                0x0000000008000d70                TIM8_TRG_COM_IRQHandler
                0x0000000008000d70                TIM8_CC_IRQHandler
                0x0000000008000d70                TIM1_CC_IRQHandler
                0x0000000008000d70                TIM6_IRQHandler
                0x0000000008000d70                PVD_IRQHandler
                0x0000000008000d70                SDIO_IRQHandler
                0x0000000008000d70                EXTI3_IRQHandler
                0x0000000008000d70                USB_HP_CAN_TX_IRQHandler
                0x0000000008000d70                EXTI0_IRQHandler
                0x0000000008000d70                I2C2_EV_IRQHandler
                0x0000000008000d70                ADC1_2_IRQHandler
                0x0000000008000d70                SPI1_IRQHandler
                0x0000000008000d70                CAN_SCE_IRQHandler
                0x0000000008000d70                TAMPER_IRQHandler
                0x0000000008000d70                TIM8_UP_IRQHandler
                0x0000000008000d70                DMA2_Channel2_IRQHandler
                0x0000000008000d70                DMA1_Channel4_IRQHandler
                0x0000000008000d70                USART3_IRQHandler
                0x0000000008000d70                RTC_IRQHandler
                0x0000000008000d70                DMA1_Channel7_IRQHandler
                0x0000000008000d70                UART5_IRQHandler
                0x0000000008000d70                ADC3_IRQHandler
                0x0000000008000d70                TIM4_IRQHandler
                0x0000000008000d70                CAN_RX1_IRQHandler
                0x0000000008000d70                DMA2_Channel1_IRQHandler
                0x0000000008000d70                I2C1_EV_IRQHandler
                0x0000000008000d70                DMA1_Channel6_IRQHandler
                0x0000000008000d70                UART4_IRQHandler
                0x0000000008000d70                TIM3_IRQHandler
                0x0000000008000d70                RCC_IRQHandler
                0x0000000008000d70                TIM1_TRG_COM_IRQHandler
                0x0000000008000d70                DMA1_Channel1_IRQHandler
                0x0000000008000d70                Default_Handler
                0x0000000008000d70                TIM7_IRQHandler
                0x0000000008000d70                TIM5_IRQHandler
                0x0000000008000d70                EXTI9_5_IRQHandler
                0x0000000008000d70                SPI2_IRQHandler
                0x0000000008000d70                USB_LP_CAN_RX0_IRQHandler
                0x0000000008000d70                DMA1_Channel5_IRQHandler
                0x0000000008000d70                EXTI4_IRQHandler
                0x0000000008000d70                DMA1_Channel3_IRQHandler
                0x0000000008000d70                FSMC_IRQHandler
                0x0000000008000d70                TIM1_UP_IRQHandler
                0x0000000008000d70                WWDG_IRQHandler
                0x0000000008000d70                TIM2_IRQHandler
                0x0000000008000d70                TIM1_BRK_IRQHandler
                0x0000000008000d70                EXTI1_IRQHandler
                0x0000000008000d70                RTCAlarm_IRQHandler
                0x0000000008000d70                DMA2_Channel4_5_IRQHandler
                0x0000000008000d70                USART2_IRQHandler
                0x0000000008000d70                I2C2_ER_IRQHandler
                0x0000000008000d70                DMA1_Channel2_IRQHandler
                0x0000000008000d70                TIM8_BRK_IRQHandler
                0x0000000008000d70                FLASH_IRQHandler
                0x0000000008000d70                USART1_IRQHandler
                0x0000000008000d70                SPI3_IRQHandler
                0x0000000008000d70                I2C1_ER_IRQHandler
                0x0000000008000d70                EXTI2_IRQHandler
 *fill*         0x0000000008000d72        0x2 
 .text.NVIC_Init
                0x0000000008000d74       0x88 /Users/daymoon/Documents/workspace/stm32f10x_peripheral_lib/Debug/libstm32f10x_peripheral_lib.a(misc.o)
                0x0000000008000d74                NVIC_Init
 .text.DMA_DeInit
                0x0000000008000dfc      0x150 /Users/daymoon/Documents/workspace/stm32f10x_peripheral_lib/Debug/libstm32f10x_peripheral_lib.a(stm32f10x_dma.o)
                0x0000000008000dfc                DMA_DeInit
 .text.DMA_Init
                0x0000000008000f4c      0x13c /Users/daymoon/Documents/workspace/stm32f10x_peripheral_lib/Debug/libstm32f10x_peripheral_lib.a(stm32f10x_dma.o)
                0x0000000008000f4c                DMA_Init
 .text.DMA_GetFlagStatus
                0x0000000008001088       0xc4 /Users/daymoon/Documents/workspace/stm32f10x_peripheral_lib/Debug/libstm32f10x_peripheral_lib.a(stm32f10x_dma.o)
                0x0000000008001088                DMA_GetFlagStatus
 .text.DMA_ClearFlag
                0x000000000800114c       0x3c /Users/daymoon/Documents/workspace/stm32f10x_peripheral_lib/Debug/libstm32f10x_peripheral_lib.a(stm32f10x_dma.o)
                0x000000000800114c                DMA_ClearFlag
 .text.EXTI_Init
                0x0000000008001188       0xb4 /Users/daymoon/Documents/workspace/stm32f10x_peripheral_lib/Debug/libstm32f10x_peripheral_lib.a(stm32f10x_exti.o)
                0x0000000008001188                EXTI_Init
 .text.EXTI_GetITStatus
                0x000000000800123c       0x8c /Users/daymoon/Documents/workspace/stm32f10x_peripheral_lib/Debug/libstm32f10x_peripheral_lib.a(stm32f10x_exti.o)
                0x000000000800123c                EXTI_GetITStatus
 .text.EXTI_ClearITPendingBit
                0x00000000080012c8       0x24 /Users/daymoon/Documents/workspace/stm32f10x_peripheral_lib/Debug/libstm32f10x_peripheral_lib.a(stm32f10x_exti.o)
                0x00000000080012c8                EXTI_ClearITPendingBit
 .text.GPIO_Init
                0x00000000080012ec      0x134 /Users/daymoon/Documents/workspace/stm32f10x_peripheral_lib/Debug/libstm32f10x_peripheral_lib.a(stm32f10x_gpio.o)
                0x00000000080012ec                GPIO_Init
 .text.GPIO_ReadOutputData
                0x0000000008001420       0x54 /Users/daymoon/Documents/workspace/stm32f10x_peripheral_lib/Debug/libstm32f10x_peripheral_lib.a(stm32f10x_gpio.o)
                0x0000000008001420                GPIO_ReadOutputData
 .text.GPIO_SetBits
                0x0000000008001474       0x60 /Users/daymoon/Documents/workspace/stm32f10x_peripheral_lib/Debug/libstm32f10x_peripheral_lib.a(stm32f10x_gpio.o)
                0x0000000008001474                GPIO_SetBits
 .text.GPIO_ResetBits
                0x00000000080014d4       0x60 /Users/daymoon/Documents/workspace/stm32f10x_peripheral_lib/Debug/libstm32f10x_peripheral_lib.a(stm32f10x_gpio.o)
                0x00000000080014d4                GPIO_ResetBits
 .text.GPIO_EXTILineConfig
                0x0000000008001534       0x50 /Users/daymoon/Documents/workspace/stm32f10x_peripheral_lib/Debug/libstm32f10x_peripheral_lib.a(stm32f10x_gpio.o)
                0x0000000008001534                GPIO_EXTILineConfig
 .text.I2C_Init
                0x0000000008001584      0x15c /Users/daymoon/Documents/workspace/stm32f10x_peripheral_lib/Debug/libstm32f10x_peripheral_lib.a(stm32f10x_i2c.o)
                0x0000000008001584                I2C_Init
 .text.I2C_Cmd  0x00000000080016e0       0x50 /Users/daymoon/Documents/workspace/stm32f10x_peripheral_lib/Debug/libstm32f10x_peripheral_lib.a(stm32f10x_i2c.o)
                0x00000000080016e0                I2C_Cmd
 .text.I2C_GenerateSTART
                0x0000000008001730       0x50 /Users/daymoon/Documents/workspace/stm32f10x_peripheral_lib/Debug/libstm32f10x_peripheral_lib.a(stm32f10x_i2c.o)
                0x0000000008001730                I2C_GenerateSTART
 .text.I2C_GenerateSTOP
                0x0000000008001780       0x50 /Users/daymoon/Documents/workspace/stm32f10x_peripheral_lib/Debug/libstm32f10x_peripheral_lib.a(stm32f10x_i2c.o)
                0x0000000008001780                I2C_GenerateSTOP
 .text.I2C_AcknowledgeConfig
                0x00000000080017d0       0x50 /Users/daymoon/Documents/workspace/stm32f10x_peripheral_lib/Debug/libstm32f10x_peripheral_lib.a(stm32f10x_i2c.o)
                0x00000000080017d0                I2C_AcknowledgeConfig
 .text.I2C_SendData
                0x0000000008001820       0x2c /Users/daymoon/Documents/workspace/stm32f10x_peripheral_lib/Debug/libstm32f10x_peripheral_lib.a(stm32f10x_i2c.o)
                0x0000000008001820                I2C_SendData
 .text.I2C_ReceiveData
                0x000000000800184c       0x2c /Users/daymoon/Documents/workspace/stm32f10x_peripheral_lib/Debug/libstm32f10x_peripheral_lib.a(stm32f10x_i2c.o)
                0x000000000800184c                I2C_ReceiveData
 .text.I2C_Send7bitAddress
                0x0000000008001878       0x4c /Users/daymoon/Documents/workspace/stm32f10x_peripheral_lib/Debug/libstm32f10x_peripheral_lib.a(stm32f10x_i2c.o)
                0x0000000008001878                I2C_Send7bitAddress
 .text.I2C_CheckEvent
                0x00000000080018c4       0xc0 /Users/daymoon/Documents/workspace/stm32f10x_peripheral_lib/Debug/libstm32f10x_peripheral_lib.a(stm32f10x_i2c.o)
                0x00000000080018c4                I2C_CheckEvent
 .text.I2C_GetFlagStatus
                0x0000000008001984       0xe8 /Users/daymoon/Documents/workspace/stm32f10x_peripheral_lib/Debug/libstm32f10x_peripheral_lib.a(stm32f10x_i2c.o)
                0x0000000008001984                I2C_GetFlagStatus
 .text.RCC_GetClocksFreq
                0x0000000008001a6c       0x80 /Users/daymoon/Documents/workspace/stm32f10x_peripheral_lib/Debug/libstm32f10x_peripheral_lib.a(stm32f10x_rcc.o)
                0x0000000008001a6c                RCC_GetClocksFreq
 .text.RCC_AHBPeriphClockCmd
                0x0000000008001aec       0x48 /Users/daymoon/Documents/workspace/stm32f10x_peripheral_lib/Debug/libstm32f10x_peripheral_lib.a(stm32f10x_rcc.o)
                0x0000000008001aec                RCC_AHBPeriphClockCmd
 .text.RCC_APB2PeriphClockCmd
                0x0000000008001b34       0x48 /Users/daymoon/Documents/workspace/stm32f10x_peripheral_lib/Debug/libstm32f10x_peripheral_lib.a(stm32f10x_rcc.o)
                0x0000000008001b34                RCC_APB2PeriphClockCmd
 .text.RCC_APB1PeriphClockCmd
                0x0000000008001b7c       0x48 /Users/daymoon/Documents/workspace/stm32f10x_peripheral_lib/Debug/libstm32f10x_peripheral_lib.a(stm32f10x_rcc.o)
                0x0000000008001b7c                RCC_APB1PeriphClockCmd
 .text.RCC_APB2PeriphResetCmd
                0x0000000008001bc4       0x48 /Users/daymoon/Documents/workspace/stm32f10x_peripheral_lib/Debug/libstm32f10x_peripheral_lib.a(stm32f10x_rcc.o)
                0x0000000008001bc4                RCC_APB2PeriphResetCmd
 .text.RCC_APB1PeriphResetCmd
                0x0000000008001c0c       0x48 /Users/daymoon/Documents/workspace/stm32f10x_peripheral_lib/Debug/libstm32f10x_peripheral_lib.a(stm32f10x_rcc.o)
                0x0000000008001c0c                RCC_APB1PeriphResetCmd
 .text.SPI_I2S_DeInit
                0x0000000008001c54       0x70 /Users/daymoon/Documents/workspace/stm32f10x_peripheral_lib/Debug/libstm32f10x_peripheral_lib.a(stm32f10x_spi.o)
                0x0000000008001c54                SPI_I2S_DeInit
 .text.SPI_Init
                0x0000000008001cc4      0x104 /Users/daymoon/Documents/workspace/stm32f10x_peripheral_lib/Debug/libstm32f10x_peripheral_lib.a(stm32f10x_spi.o)
                0x0000000008001cc4                SPI_Init
 .text.SPI_Cmd  0x0000000008001dc8       0x58 /Users/daymoon/Documents/workspace/stm32f10x_peripheral_lib/Debug/libstm32f10x_peripheral_lib.a(stm32f10x_spi.o)
                0x0000000008001dc8                SPI_Cmd
 .text.SPI_I2S_ReceiveData
                0x0000000008001e20       0x30 /Users/daymoon/Documents/workspace/stm32f10x_peripheral_lib/Debug/libstm32f10x_peripheral_lib.a(stm32f10x_spi.o)
                0x0000000008001e20                SPI_I2S_ReceiveData
 .text.SPI_I2S_GetFlagStatus
                0x0000000008001e50       0x64 /Users/daymoon/Documents/workspace/stm32f10x_peripheral_lib/Debug/libstm32f10x_peripheral_lib.a(stm32f10x_spi.o)
                0x0000000008001e50                SPI_I2S_GetFlagStatus
 .text.TIM_TimeBaseInit
                0x0000000008001eb4      0x15c /Users/daymoon/Documents/workspace/stm32f10x_peripheral_lib/Debug/libstm32f10x_peripheral_lib.a(stm32f10x_tim.o)
                0x0000000008001eb4                TIM_TimeBaseInit
 .text.TIM_OC4Init
                0x0000000008002010      0x100 /Users/daymoon/Documents/workspace/stm32f10x_peripheral_lib/Debug/libstm32f10x_peripheral_lib.a(stm32f10x_tim.o)
                0x0000000008002010                TIM_OC4Init
 .text.TIM_Cmd  0x0000000008002110       0xc4 /Users/daymoon/Documents/workspace/stm32f10x_peripheral_lib/Debug/libstm32f10x_peripheral_lib.a(stm32f10x_tim.o)
                0x0000000008002110                TIM_Cmd
 .text.TIM_CtrlPWMOutputs
                0x00000000080021d4       0x68 /Users/daymoon/Documents/workspace/stm32f10x_peripheral_lib/Debug/libstm32f10x_peripheral_lib.a(stm32f10x_tim.o)
                0x00000000080021d4                TIM_CtrlPWMOutputs
 .text.TIM_PrescalerConfig
                0x000000000800223c       0xb4 /Users/daymoon/Documents/workspace/stm32f10x_peripheral_lib/Debug/libstm32f10x_peripheral_lib.a(stm32f10x_tim.o)
                0x000000000800223c                TIM_PrescalerConfig
 .text.TIM_OC4PreloadConfig
                0x00000000080022f0       0x68 /Users/daymoon/Documents/workspace/stm32f10x_peripheral_lib/Debug/libstm32f10x_peripheral_lib.a(stm32f10x_tim.o)
                0x00000000080022f0                TIM_OC4PreloadConfig
 .text.__libc_init_array
                0x0000000008002358       0x48 /Applications/Ac6/SystemWorkbench.app/Contents/Eclipse/plugins/fr.ac6.mcu.externaltools.arm-none.macos64_1.17.0.201812190825/tools/compiler/bin/../lib/gcc/arm-none-eabi/7.3.1/../../../../arm-none-eabi/lib/thumb/v7-m/libc.a(lib_a-init.o)
                0x0000000008002358                __libc_init_array
 .text.startup.register_fini
                0x00000000080023a0       0x14 /Applications/Ac6/SystemWorkbench.app/Contents/Eclipse/plugins/fr.ac6.mcu.externaltools.arm-none.macos64_1.17.0.201812190825/tools/compiler/bin/../lib/gcc/arm-none-eabi/7.3.1/../../../../arm-none-eabi/lib/thumb/v7-m/libc.a(lib_a-__call_atexit.o)
 .text.atexit   0x00000000080023b4        0xc /Applications/Ac6/SystemWorkbench.app/Contents/Eclipse/plugins/fr.ac6.mcu.externaltools.arm-none.macos64_1.17.0.201812190825/tools/compiler/bin/../lib/gcc/arm-none-eabi/7.3.1/../../../../arm-none-eabi/lib/thumb/v7-m/libc.a(lib_a-atexit.o)
                0x00000000080023b4                atexit
 .text.__libc_fini_array
                0x00000000080023c0       0x34 /Applications/Ac6/SystemWorkbench.app/Contents/Eclipse/plugins/fr.ac6.mcu.externaltools.arm-none.macos64_1.17.0.201812190825/tools/compiler/bin/../lib/gcc/arm-none-eabi/7.3.1/../../../../arm-none-eabi/lib/thumb/v7-m/libc.a(lib_a-fini.o)
                0x00000000080023c0                __libc_fini_array
 .text.__retarget_lock_acquire_recursive
                0x00000000080023f4        0x4 /Applications/Ac6/SystemWorkbench.app/Contents/Eclipse/plugins/fr.ac6.mcu.externaltools.arm-none.macos64_1.17.0.201812190825/tools/compiler/bin/../lib/gcc/arm-none-eabi/7.3.1/../../../../arm-none-eabi/lib/thumb/v7-m/libc.a(lib_a-lock.o)
                0x00000000080023f4                __retarget_lock_acquire_recursive
 .text.__retarget_lock_release_recursive
                0x00000000080023f8        0x4 /Applications/Ac6/SystemWorkbench.app/Contents/Eclipse/plugins/fr.ac6.mcu.externaltools.arm-none.macos64_1.17.0.201812190825/tools/compiler/bin/../lib/gcc/arm-none-eabi/7.3.1/../../../../arm-none-eabi/lib/thumb/v7-m/libc.a(lib_a-lock.o)
                0x00000000080023f8                __retarget_lock_release_recursive
 .text.__register_exitproc
                0x00000000080023fc       0xc0 /Applications/Ac6/SystemWorkbench.app/Contents/Eclipse/plugins/fr.ac6.mcu.externaltools.arm-none.macos64_1.17.0.201812190825/tools/compiler/bin/../lib/gcc/arm-none-eabi/7.3.1/../../../../arm-none-eabi/lib/thumb/v7-m/libc.a(lib_a-__atexit.o)
                0x00000000080023fc                __register_exitproc
 *(.glue_7)
 .glue_7        0x00000000080024bc        0x0 linker stubs
 *(.glue_7t)
 .glue_7t       0x00000000080024bc        0x0 linker stubs
 *(.eh_frame)
 .eh_frame      0x00000000080024bc        0x0 /Applications/Ac6/SystemWorkbench.app/Contents/Eclipse/plugins/fr.ac6.mcu.externaltools.arm-none.macos64_1.17.0.201812190825/tools/compiler/bin/../lib/gcc/arm-none-eabi/7.3.1/thumb/v7-m/crtbegin.o
 *(.init)
 .init          0x00000000080024bc        0x4 /Applications/Ac6/SystemWorkbench.app/Contents/Eclipse/plugins/fr.ac6.mcu.externaltools.arm-none.macos64_1.17.0.201812190825/tools/compiler/bin/../lib/gcc/arm-none-eabi/7.3.1/thumb/v7-m/crti.o
                0x00000000080024bc                _init
 .init          0x00000000080024c0        0x8 /Applications/Ac6/SystemWorkbench.app/Contents/Eclipse/plugins/fr.ac6.mcu.externaltools.arm-none.macos64_1.17.0.201812190825/tools/compiler/bin/../lib/gcc/arm-none-eabi/7.3.1/thumb/v7-m/crtn.o
 *(.fini)
 .fini          0x00000000080024c8        0x4 /Applications/Ac6/SystemWorkbench.app/Contents/Eclipse/plugins/fr.ac6.mcu.externaltools.arm-none.macos64_1.17.0.201812190825/tools/compiler/bin/../lib/gcc/arm-none-eabi/7.3.1/thumb/v7-m/crti.o
                0x00000000080024c8                _fini
 .fini          0x00000000080024cc        0x8 /Applications/Ac6/SystemWorkbench.app/Contents/Eclipse/plugins/fr.ac6.mcu.externaltools.arm-none.macos64_1.17.0.201812190825/tools/compiler/bin/../lib/gcc/arm-none-eabi/7.3.1/thumb/v7-m/crtn.o
                0x00000000080024d4                . = ALIGN (0x4)
                0x00000000080024d4                _etext = .

.vfp11_veneer   0x00000000080024d4        0x0
 .vfp11_veneer  0x00000000080024d4        0x0 linker stubs

.v4_bx          0x00000000080024d4        0x0
 .v4_bx         0x00000000080024d4        0x0 linker stubs

.iplt           0x00000000080024d4        0x0
 .iplt          0x00000000080024d4        0x0 /Applications/Ac6/SystemWorkbench.app/Contents/Eclipse/plugins/fr.ac6.mcu.externaltools.arm-none.macos64_1.17.0.201812190825/tools/compiler/bin/../lib/gcc/arm-none-eabi/7.3.1/thumb/v7-m/crtbegin.o

.rodata         0x00000000080024d4      0x394
                0x00000000080024d4                . = ALIGN (0x4)
 *(.rodata)
 .rodata        0x00000000080024d4      0x1b6 src/ov7670.o
 *(.rodata*)
 .rodata.str1.1
                0x000000000800268a       0x33 /Users/daymoon/Documents/workspace/stm32f10x_peripheral_lib/Debug/libstm32f10x_peripheral_lib.a(misc.o)
 .rodata.str1.1
                0x00000000080026bd       0x3c /Users/daymoon/Documents/workspace/stm32f10x_peripheral_lib/Debug/libstm32f10x_peripheral_lib.a(stm32f10x_dma.o)
 .rodata.str1.1
                0x00000000080026f9       0x3d /Users/daymoon/Documents/workspace/stm32f10x_peripheral_lib/Debug/libstm32f10x_peripheral_lib.a(stm32f10x_exti.o)
 .rodata.str1.1
                0x0000000008002736       0x3d /Users/daymoon/Documents/workspace/stm32f10x_peripheral_lib/Debug/libstm32f10x_peripheral_lib.a(stm32f10x_gpio.o)
 .rodata.str1.1
                0x0000000008002773       0x3c /Users/daymoon/Documents/workspace/stm32f10x_peripheral_lib/Debug/libstm32f10x_peripheral_lib.a(stm32f10x_i2c.o)
 .rodata.str1.1
                0x00000000080027af       0x3c /Users/daymoon/Documents/workspace/stm32f10x_peripheral_lib/Debug/libstm32f10x_peripheral_lib.a(stm32f10x_rcc.o)
 .rodata.str1.1
                0x00000000080027eb       0x3c /Users/daymoon/Documents/workspace/stm32f10x_peripheral_lib/Debug/libstm32f10x_peripheral_lib.a(stm32f10x_spi.o)
 .rodata.str1.1
                0x0000000008002827       0x3c /Users/daymoon/Documents/workspace/stm32f10x_peripheral_lib/Debug/libstm32f10x_peripheral_lib.a(stm32f10x_tim.o)
 *fill*         0x0000000008002863        0x1 
 .rodata._global_impure_ptr
                0x0000000008002864        0x4 /Applications/Ac6/SystemWorkbench.app/Contents/Eclipse/plugins/fr.ac6.mcu.externaltools.arm-none.macos64_1.17.0.201812190825/tools/compiler/bin/../lib/gcc/arm-none-eabi/7.3.1/../../../../arm-none-eabi/lib/thumb/v7-m/libc.a(lib_a-impure.o)
                0x0000000008002864                _global_impure_ptr
                0x0000000008002868                . = ALIGN (0x4)

.rel.dyn        0x0000000008002868        0x0
 .rel.iplt      0x0000000008002868        0x0 /Applications/Ac6/SystemWorkbench.app/Contents/Eclipse/plugins/fr.ac6.mcu.externaltools.arm-none.macos64_1.17.0.201812190825/tools/compiler/bin/../lib/gcc/arm-none-eabi/7.3.1/thumb/v7-m/crtbegin.o

.ARM.extab      0x0000000008002868        0x0
                0x0000000008002868                . = ALIGN (0x4)
 *(.ARM.extab* .gnu.linkonce.armextab.*)
                0x0000000008002868                . = ALIGN (0x4)

.ARM            0x0000000008002868        0x0
                0x0000000008002868                . = ALIGN (0x4)
                0x0000000008002868                __exidx_start = .
 *(.ARM.exidx*)
                0x0000000008002868                __exidx_end = .
                0x0000000008002868                . = ALIGN (0x4)

.preinit_array  0x0000000008002868        0x0
                0x0000000008002868                . = ALIGN (0x4)
                0x0000000008002868                PROVIDE (__preinit_array_start = .)
 *(.preinit_array*)
                0x0000000008002868                PROVIDE (__preinit_array_end = .)
                0x0000000008002868                . = ALIGN (0x4)

.init_array     0x0000000008002868        0x8
                0x0000000008002868                . = ALIGN (0x4)
                0x0000000008002868                PROVIDE (__init_array_start = .)
 *(SORT_BY_NAME(.init_array.*))
 .init_array.00000
                0x0000000008002868        0x4 /Applications/Ac6/SystemWorkbench.app/Contents/Eclipse/plugins/fr.ac6.mcu.externaltools.arm-none.macos64_1.17.0.201812190825/tools/compiler/bin/../lib/gcc/arm-none-eabi/7.3.1/../../../../arm-none-eabi/lib/thumb/v7-m/libc.a(lib_a-__call_atexit.o)
 *(.init_array*)
 .init_array    0x000000000800286c        0x4 /Applications/Ac6/SystemWorkbench.app/Contents/Eclipse/plugins/fr.ac6.mcu.externaltools.arm-none.macos64_1.17.0.201812190825/tools/compiler/bin/../lib/gcc/arm-none-eabi/7.3.1/thumb/v7-m/crtbegin.o
                0x0000000008002870                PROVIDE (__init_array_end = .)
                0x0000000008002870                . = ALIGN (0x4)

.fini_array     0x0000000008002870        0x4
                0x0000000008002870                . = ALIGN (0x4)
                0x0000000008002870                PROVIDE (__fini_array_start = .)
 *(SORT_BY_NAME(.fini_array.*))
 *(.fini_array*)
 .fini_array    0x0000000008002870        0x4 /Applications/Ac6/SystemWorkbench.app/Contents/Eclipse/plugins/fr.ac6.mcu.externaltools.arm-none.macos64_1.17.0.201812190825/tools/compiler/bin/../lib/gcc/arm-none-eabi/7.3.1/thumb/v7-m/crtbegin.o
                0x0000000008002874                PROVIDE (__fini_array_end = .)
                0x0000000008002874                . = ALIGN (0x4)
                0x0000000008002874                _sidata = LOADADDR (.data)

.data           0x0000000020000000      0x454 load address 0x0000000008002874
                0x0000000020000000                . = ALIGN (0x4)
                0x0000000020000000                _sdata = .
 *(.data)
 .data          0x0000000020000000       0x14 src/system_stm32f10x.o
                0x0000000020000000                AHBPrescTable
                0x0000000020000010                SystemCoreClock
 .data          0x0000000020000014       0x14 /Users/daymoon/Documents/workspace/stm32f10x_peripheral_lib/Debug/libstm32f10x_peripheral_lib.a(stm32f10x_rcc.o)
 *(.data*)
 .data.impure_data
                0x0000000020000028      0x428 /Applications/Ac6/SystemWorkbench.app/Contents/Eclipse/plugins/fr.ac6.mcu.externaltools.arm-none.macos64_1.17.0.201812190825/tools/compiler/bin/../lib/gcc/arm-none-eabi/7.3.1/../../../../arm-none-eabi/lib/thumb/v7-m/libc.a(lib_a-impure.o)
 .data.__atexit_recursive_mutex
                0x0000000020000450        0x4 /Applications/Ac6/SystemWorkbench.app/Contents/Eclipse/plugins/fr.ac6.mcu.externaltools.arm-none.macos64_1.17.0.201812190825/tools/compiler/bin/../lib/gcc/arm-none-eabi/7.3.1/../../../../arm-none-eabi/lib/thumb/v7-m/libc.a(lib_a-__call_atexit.o)
                0x0000000020000450                __atexit_recursive_mutex
                0x0000000020000454                . = ALIGN (0x4)
                0x0000000020000454                _edata = .

.igot.plt       0x0000000020000454        0x0 load address 0x0000000008002cc8
 .igot.plt      0x0000000020000454        0x0 /Applications/Ac6/SystemWorkbench.app/Contents/Eclipse/plugins/fr.ac6.mcu.externaltools.arm-none.macos64_1.17.0.201812190825/tools/compiler/bin/../lib/gcc/arm-none-eabi/7.3.1/thumb/v7-m/crtbegin.o
                0x0000000020000454                . = ALIGN (0x4)

.bss            0x0000000020000454      0x42c load address 0x0000000008002cc8
                0x0000000020000454                _sbss = .
                0x0000000020000454                __bss_start__ = _sbss
 *(.bss)
 .bss           0x0000000020000454       0x1c /Applications/Ac6/SystemWorkbench.app/Contents/Eclipse/plugins/fr.ac6.mcu.externaltools.arm-none.macos64_1.17.0.201812190825/tools/compiler/bin/../lib/gcc/arm-none-eabi/7.3.1/thumb/v7-m/crtbegin.o
 .bss           0x0000000020000470        0x1 src/camera.o
 .bss           0x0000000020000471        0x1 src/delay.o
 *fill*         0x0000000020000472        0x2 
 .bss           0x0000000020000474      0x168 src/scheduler.o
 *(.bss*)
 *(COMMON)
 COMMON         0x00000000200005dc      0x280 src/camera.o
                0x00000000200005dc                rowdata
 COMMON         0x000000002000085c       0x21 /Applications/Ac6/SystemWorkbench.app/Contents/Eclipse/plugins/fr.ac6.mcu.externaltools.arm-none.macos64_1.17.0.201812190825/tools/compiler/bin/../lib/gcc/arm-none-eabi/7.3.1/../../../../arm-none-eabi/lib/thumb/v7-m/libc.a(lib_a-lock.o)
                0x000000002000085c                __lock___atexit_recursive_mutex
                0x0000000020000860                __lock___arc4random_mutex
                0x0000000020000864                __lock___env_recursive_mutex
                0x0000000020000868                __lock___sinit_recursive_mutex
                0x000000002000086c                __lock___malloc_recursive_mutex
                0x0000000020000870                __lock___at_quick_exit_mutex
                0x0000000020000874                __lock___dd_hash_mutex
                0x0000000020000878                __lock___tz_mutex
                0x000000002000087c                __lock___sfp_recursive_mutex
                0x0000000020000880                . = ALIGN (0x4)
 *fill*         0x000000002000087d        0x3 
                0x0000000020000880                _ebss = .
                0x0000000020000880                __bss_end__ = _ebss

._user_heap_stack
                0x0000000020000880      0x400 load address 0x0000000008002cc8
                0x0000000020000880                . = ALIGN (0x8)
                0x0000000020000880                PROVIDE (end = .)
                [!provide]                        PROVIDE (_end = .)
                0x0000000020000880                . = (. + _Min_Heap_Size)
                0x0000000020000c80                . = (. + _Min_Stack_Size)
 *fill*         0x0000000020000880      0x400 
                0x0000000020000c80                . = ALIGN (0x8)

/DISCARD/
 libc.a(*)
 libm.a(*)
 libgcc.a(*)

.ARM.attributes
                0x0000000000000000       0x29
 *(.ARM.attributes)
 .ARM.attributes
                0x0000000000000000       0x1d /Applications/Ac6/SystemWorkbench.app/Contents/Eclipse/plugins/fr.ac6.mcu.externaltools.arm-none.macos64_1.17.0.201812190825/tools/compiler/bin/../lib/gcc/arm-none-eabi/7.3.1/thumb/v7-m/crti.o
 .ARM.attributes
                0x000000000000001d       0x2d /Applications/Ac6/SystemWorkbench.app/Contents/Eclipse/plugins/fr.ac6.mcu.externaltools.arm-none.macos64_1.17.0.201812190825/tools/compiler/bin/../lib/gcc/arm-none-eabi/7.3.1/thumb/v7-m/crtbegin.o
 .ARM.attributes
                0x000000000000004a       0x33 src/camera.o
 .ARM.attributes
                0x000000000000007d       0x33 src/delay.o
 .ARM.attributes
                0x00000000000000b0       0x33 src/gpio.o
 .ARM.attributes
                0x00000000000000e3       0x33 src/i2c.o
 .ARM.attributes
                0x0000000000000116       0x33 src/leds.o
 .ARM.attributes
                0x0000000000000149       0x33 src/main.o
 .ARM.attributes
                0x000000000000017c       0x33 src/mcuperipherals.o
 .ARM.attributes
                0x00000000000001af       0x33 src/ov7670.o
 .ARM.attributes
                0x00000000000001e2       0x33 src/scheduler.o
 .ARM.attributes
                0x0000000000000215       0x33 src/sensor.o
 .ARM.attributes
                0x0000000000000248       0x33 src/services.o
 .ARM.attributes
                0x000000000000027b       0x33 src/spi.o
 .ARM.attributes
                0x00000000000002ae       0x33 src/stm32f10x_it.o
 .ARM.attributes
                0x00000000000002e1       0x33 src/system_stm32f10x.o
 .ARM.attributes
                0x0000000000000314       0x33 src/timer.o
 .ARM.attributes
                0x0000000000000347       0x21 startup/startup_stm32.o
 .ARM.attributes
                0x0000000000000368       0x33 /Users/daymoon/Documents/workspace/stm32f10x_peripheral_lib/Debug/libstm32f10x_peripheral_lib.a(misc.o)
 .ARM.attributes
                0x000000000000039b       0x33 /Users/daymoon/Documents/workspace/stm32f10x_peripheral_lib/Debug/libstm32f10x_peripheral_lib.a(stm32f10x_dma.o)
 .ARM.attributes
                0x00000000000003ce       0x33 /Users/daymoon/Documents/workspace/stm32f10x_peripheral_lib/Debug/libstm32f10x_peripheral_lib.a(stm32f10x_exti.o)
 .ARM.attributes
                0x0000000000000401       0x33 /Users/daymoon/Documents/workspace/stm32f10x_peripheral_lib/Debug/libstm32f10x_peripheral_lib.a(stm32f10x_gpio.o)
 .ARM.attributes
                0x0000000000000434       0x33 /Users/daymoon/Documents/workspace/stm32f10x_peripheral_lib/Debug/libstm32f10x_peripheral_lib.a(stm32f10x_i2c.o)
 .ARM.attributes
                0x0000000000000467       0x33 /Users/daymoon/Documents/workspace/stm32f10x_peripheral_lib/Debug/libstm32f10x_peripheral_lib.a(stm32f10x_rcc.o)
 .ARM.attributes
                0x000000000000049a       0x33 /Users/daymoon/Documents/workspace/stm32f10x_peripheral_lib/Debug/libstm32f10x_peripheral_lib.a(stm32f10x_spi.o)
 .ARM.attributes
                0x00000000000004cd       0x33 /Users/daymoon/Documents/workspace/stm32f10x_peripheral_lib/Debug/libstm32f10x_peripheral_lib.a(stm32f10x_tim.o)
 .ARM.attributes
                0x0000000000000500       0x2d /Applications/Ac6/SystemWorkbench.app/Contents/Eclipse/plugins/fr.ac6.mcu.externaltools.arm-none.macos64_1.17.0.201812190825/tools/compiler/bin/../lib/gcc/arm-none-eabi/7.3.1/../../../../arm-none-eabi/lib/thumb/v7-m/libc.a(lib_a-impure.o)
 .ARM.attributes
                0x000000000000052d       0x2d /Applications/Ac6/SystemWorkbench.app/Contents/Eclipse/plugins/fr.ac6.mcu.externaltools.arm-none.macos64_1.17.0.201812190825/tools/compiler/bin/../lib/gcc/arm-none-eabi/7.3.1/../../../../arm-none-eabi/lib/thumb/v7-m/libc.a(lib_a-init.o)
 .ARM.attributes
                0x000000000000055a       0x2d /Applications/Ac6/SystemWorkbench.app/Contents/Eclipse/plugins/fr.ac6.mcu.externaltools.arm-none.macos64_1.17.0.201812190825/tools/compiler/bin/../lib/gcc/arm-none-eabi/7.3.1/../../../../arm-none-eabi/lib/thumb/v7-m/libc.a(lib_a-__call_atexit.o)
 .ARM.attributes
                0x0000000000000587       0x2d /Applications/Ac6/SystemWorkbench.app/Contents/Eclipse/plugins/fr.ac6.mcu.externaltools.arm-none.macos64_1.17.0.201812190825/tools/compiler/bin/../lib/gcc/arm-none-eabi/7.3.1/../../../../arm-none-eabi/lib/thumb/v7-m/libc.a(lib_a-atexit.o)
 .ARM.attributes
                0x00000000000005b4       0x2d /Applications/Ac6/SystemWorkbench.app/Contents/Eclipse/plugins/fr.ac6.mcu.externaltools.arm-none.macos64_1.17.0.201812190825/tools/compiler/bin/../lib/gcc/arm-none-eabi/7.3.1/../../../../arm-none-eabi/lib/thumb/v7-m/libc.a(lib_a-fini.o)
 .ARM.attributes
                0x00000000000005e1       0x2d /Applications/Ac6/SystemWorkbench.app/Contents/Eclipse/plugins/fr.ac6.mcu.externaltools.arm-none.macos64_1.17.0.201812190825/tools/compiler/bin/../lib/gcc/arm-none-eabi/7.3.1/../../../../arm-none-eabi/lib/thumb/v7-m/libc.a(lib_a-lock.o)
 .ARM.attributes
                0x000000000000060e       0x2d /Applications/Ac6/SystemWorkbench.app/Contents/Eclipse/plugins/fr.ac6.mcu.externaltools.arm-none.macos64_1.17.0.201812190825/tools/compiler/bin/../lib/gcc/arm-none-eabi/7.3.1/../../../../arm-none-eabi/lib/thumb/v7-m/libc.a(lib_a-__atexit.o)
 .ARM.attributes
                0x000000000000063b       0x1d /Applications/Ac6/SystemWorkbench.app/Contents/Eclipse/plugins/fr.ac6.mcu.externaltools.arm-none.macos64_1.17.0.201812190825/tools/compiler/bin/../lib/gcc/arm-none-eabi/7.3.1/thumb/v7-m/crtn.o
OUTPUT(BlueCAM_sensor.elf elf32-littlearm)

.debug_info     0x0000000000000000     0xcfb9
 .debug_info    0x0000000000000000      0xc67 src/camera.o
 .debug_info    0x0000000000000c67      0x19d src/delay.o
 .debug_info    0x0000000000000e04      0x36e src/gpio.o
 .debug_info    0x0000000000001172      0xd13 src/i2c.o
 .debug_info    0x0000000000001e85       0xd9 src/leds.o
 .debug_info    0x0000000000001f5e      0x194 src/main.o
 .debug_info    0x00000000000020f2      0x108 src/mcuperipherals.o
 .debug_info    0x00000000000021fa      0x5d4 src/ov7670.o
 .debug_info    0x00000000000027ce      0x7fa src/scheduler.o
 .debug_info    0x0000000000002fc8      0x49f src/sensor.o
 .debug_info    0x0000000000003467      0x280 src/services.o
 .debug_info    0x00000000000036e7      0x699 src/spi.o
 .debug_info    0x0000000000003d80      0x1b1 src/stm32f10x_it.o
 .debug_info    0x0000000000003f31      0x474 src/system_stm32f10x.o
 .debug_info    0x00000000000043a5      0x8df src/timer.o
 .debug_info    0x0000000000004c84       0x22 startup/startup_stm32.o
 .debug_info    0x0000000000004ca6      0x5f1 /Users/daymoon/Documents/workspace/stm32f10x_peripheral_lib/Debug/libstm32f10x_peripheral_lib.a(misc.o)
 .debug_info    0x0000000000005297      0x708 /Users/daymoon/Documents/workspace/stm32f10x_peripheral_lib/Debug/libstm32f10x_peripheral_lib.a(stm32f10x_dma.o)
 .debug_info    0x000000000000599f      0x478 /Users/daymoon/Documents/workspace/stm32f10x_peripheral_lib/Debug/libstm32f10x_peripheral_lib.a(stm32f10x_exti.o)
 .debug_info    0x0000000000005e17      0xb45 /Users/daymoon/Documents/workspace/stm32f10x_peripheral_lib/Debug/libstm32f10x_peripheral_lib.a(stm32f10x_gpio.o)
 .debug_info    0x000000000000695c     0x12bf /Users/daymoon/Documents/workspace/stm32f10x_peripheral_lib/Debug/libstm32f10x_peripheral_lib.a(stm32f10x_i2c.o)
 .debug_info    0x0000000000007c1b      0xc8d /Users/daymoon/Documents/workspace/stm32f10x_peripheral_lib/Debug/libstm32f10x_peripheral_lib.a(stm32f10x_rcc.o)
 .debug_info    0x00000000000088a8      0xf8f /Users/daymoon/Documents/workspace/stm32f10x_peripheral_lib/Debug/libstm32f10x_peripheral_lib.a(stm32f10x_spi.o)
 .debug_info    0x0000000000009837     0x3782 /Users/daymoon/Documents/workspace/stm32f10x_peripheral_lib/Debug/libstm32f10x_peripheral_lib.a(stm32f10x_tim.o)

.debug_abbrev   0x0000000000000000     0x27d7
 .debug_abbrev  0x0000000000000000      0x2f3 src/camera.o
 .debug_abbrev  0x00000000000002f3      0x143 src/delay.o
 .debug_abbrev  0x0000000000000436      0x14d src/gpio.o
 .debug_abbrev  0x0000000000000583      0x22a src/i2c.o
 .debug_abbrev  0x00000000000007ad       0xa8 src/leds.o
 .debug_abbrev  0x0000000000000855       0xcd src/main.o
 .debug_abbrev  0x0000000000000922       0xa7 src/mcuperipherals.o
 .debug_abbrev  0x00000000000009c9      0x1f6 src/ov7670.o
 .debug_abbrev  0x0000000000000bbf      0x2e5 src/scheduler.o
 .debug_abbrev  0x0000000000000ea4      0x19a src/sensor.o
 .debug_abbrev  0x000000000000103e      0x166 src/services.o
 .debug_abbrev  0x00000000000011a4      0x1cd src/spi.o
 .debug_abbrev  0x0000000000001371      0x10b src/stm32f10x_it.o
 .debug_abbrev  0x000000000000147c      0x1bc src/system_stm32f10x.o
 .debug_abbrev  0x0000000000001638      0x1c1 src/timer.o
 .debug_abbrev  0x00000000000017f9       0x12 startup/startup_stm32.o
 .debug_abbrev  0x000000000000180b      0x1a3 /Users/daymoon/Documents/workspace/stm32f10x_peripheral_lib/Debug/libstm32f10x_peripheral_lib.a(misc.o)
 .debug_abbrev  0x00000000000019ae      0x1b3 /Users/daymoon/Documents/workspace/stm32f10x_peripheral_lib/Debug/libstm32f10x_peripheral_lib.a(stm32f10x_dma.o)
 .debug_abbrev  0x0000000000001b61      0x1b3 /Users/daymoon/Documents/workspace/stm32f10x_peripheral_lib/Debug/libstm32f10x_peripheral_lib.a(stm32f10x_exti.o)
 .debug_abbrev  0x0000000000001d14      0x235 /Users/daymoon/Documents/workspace/stm32f10x_peripheral_lib/Debug/libstm32f10x_peripheral_lib.a(stm32f10x_gpio.o)
 .debug_abbrev  0x0000000000001f49      0x1ff /Users/daymoon/Documents/workspace/stm32f10x_peripheral_lib/Debug/libstm32f10x_peripheral_lib.a(stm32f10x_i2c.o)
 .debug_abbrev  0x0000000000002148      0x20b /Users/daymoon/Documents/workspace/stm32f10x_peripheral_lib/Debug/libstm32f10x_peripheral_lib.a(stm32f10x_rcc.o)
 .debug_abbrev  0x0000000000002353      0x200 /Users/daymoon/Documents/workspace/stm32f10x_peripheral_lib/Debug/libstm32f10x_peripheral_lib.a(stm32f10x_spi.o)
 .debug_abbrev  0x0000000000002553      0x284 /Users/daymoon/Documents/workspace/stm32f10x_peripheral_lib/Debug/libstm32f10x_peripheral_lib.a(stm32f10x_tim.o)

.debug_loc      0x0000000000000000     0x6576
 .debug_loc     0x0000000000000000       0xe3 src/camera.o
 .debug_loc     0x00000000000000e3       0x35 src/delay.o
 .debug_loc     0x0000000000000118      0x2c8 src/i2c.o
 .debug_loc     0x00000000000003e0      0x2e6 src/ov7670.o
 .debug_loc     0x00000000000006c6      0x155 src/scheduler.o
 .debug_loc     0x000000000000081b       0x21 src/sensor.o
 .debug_loc     0x000000000000083c       0x13 src/services.o
 .debug_loc     0x000000000000084f       0xa6 src/spi.o
 .debug_loc     0x00000000000008f5       0xbc src/system_stm32f10x.o
 .debug_loc     0x00000000000009b1      0x1fa /Users/daymoon/Documents/workspace/stm32f10x_peripheral_lib/Debug/libstm32f10x_peripheral_lib.a(misc.o)
 .debug_loc     0x0000000000000bab      0x3d0 /Users/daymoon/Documents/workspace/stm32f10x_peripheral_lib/Debug/libstm32f10x_peripheral_lib.a(stm32f10x_dma.o)
 .debug_loc     0x0000000000000f7b      0x219 /Users/daymoon/Documents/workspace/stm32f10x_peripheral_lib/Debug/libstm32f10x_peripheral_lib.a(stm32f10x_exti.o)
 .debug_loc     0x0000000000001194      0x8f6 /Users/daymoon/Documents/workspace/stm32f10x_peripheral_lib/Debug/libstm32f10x_peripheral_lib.a(stm32f10x_gpio.o)
 .debug_loc     0x0000000000001a8a      0xd1b /Users/daymoon/Documents/workspace/stm32f10x_peripheral_lib/Debug/libstm32f10x_peripheral_lib.a(stm32f10x_i2c.o)
 .debug_loc     0x00000000000027a5      0x9a6 /Users/daymoon/Documents/workspace/stm32f10x_peripheral_lib/Debug/libstm32f10x_peripheral_lib.a(stm32f10x_rcc.o)
 .debug_loc     0x000000000000314b      0x950 /Users/daymoon/Documents/workspace/stm32f10x_peripheral_lib/Debug/libstm32f10x_peripheral_lib.a(stm32f10x_spi.o)
 .debug_loc     0x0000000000003a9b     0x2adb /Users/daymoon/Documents/workspace/stm32f10x_peripheral_lib/Debug/libstm32f10x_peripheral_lib.a(stm32f10x_tim.o)

.debug_aranges  0x0000000000000000      0xb00
 .debug_aranges
                0x0000000000000000       0x48 src/camera.o
 .debug_aranges
                0x0000000000000048       0x28 src/delay.o
 .debug_aranges
                0x0000000000000070       0x20 src/gpio.o
 .debug_aranges
                0x0000000000000090       0x58 src/i2c.o
 .debug_aranges
                0x00000000000000e8       0x20 src/leds.o
 .debug_aranges
                0x0000000000000108       0x28 src/main.o
 .debug_aranges
                0x0000000000000130       0x20 src/mcuperipherals.o
 .debug_aranges
                0x0000000000000150       0x38 src/ov7670.o
 .debug_aranges
                0x0000000000000188       0x58 src/scheduler.o
 .debug_aranges
                0x00000000000001e0       0x28 src/sensor.o
 .debug_aranges
                0x0000000000000208       0x40 src/services.o
 .debug_aranges
                0x0000000000000248       0x40 src/spi.o
 .debug_aranges
                0x0000000000000288       0x50 src/stm32f10x_it.o
 .debug_aranges
                0x00000000000002d8       0x28 src/system_stm32f10x.o
 .debug_aranges
                0x0000000000000300       0x40 src/timer.o
 .debug_aranges
                0x0000000000000340       0x28 startup/startup_stm32.o
 .debug_aranges
                0x0000000000000368       0x40 /Users/daymoon/Documents/workspace/stm32f10x_peripheral_lib/Debug/libstm32f10x_peripheral_lib.a(misc.o)
 .debug_aranges
                0x00000000000003a8       0x70 /Users/daymoon/Documents/workspace/stm32f10x_peripheral_lib/Debug/libstm32f10x_peripheral_lib.a(stm32f10x_dma.o)
 .debug_aranges
                0x0000000000000418       0x58 /Users/daymoon/Documents/workspace/stm32f10x_peripheral_lib/Debug/libstm32f10x_peripheral_lib.a(stm32f10x_exti.o)
 .debug_aranges
                0x0000000000000470       0xa8 /Users/daymoon/Documents/workspace/stm32f10x_peripheral_lib/Debug/libstm32f10x_peripheral_lib.a(stm32f10x_gpio.o)
 .debug_aranges
                0x0000000000000518      0x120 /Users/daymoon/Documents/workspace/stm32f10x_peripheral_lib/Debug/libstm32f10x_peripheral_lib.a(stm32f10x_i2c.o)
 .debug_aranges
                0x0000000000000638      0x118 /Users/daymoon/Documents/workspace/stm32f10x_peripheral_lib/Debug/libstm32f10x_peripheral_lib.a(stm32f10x_rcc.o)
 .debug_aranges
                0x0000000000000750       0xd0 /Users/daymoon/Documents/workspace/stm32f10x_peripheral_lib/Debug/libstm32f10x_peripheral_lib.a(stm32f10x_spi.o)
 .debug_aranges
                0x0000000000000820      0x2e0 /Users/daymoon/Documents/workspace/stm32f10x_peripheral_lib/Debug/libstm32f10x_peripheral_lib.a(stm32f10x_tim.o)

.debug_ranges   0x0000000000000000      0xb40
 .debug_ranges  0x0000000000000000       0x50 src/camera.o
 .debug_ranges  0x0000000000000050       0x38 src/delay.o
 .debug_ranges  0x0000000000000088       0x10 src/gpio.o
 .debug_ranges  0x0000000000000098       0x60 src/i2c.o
 .debug_ranges  0x00000000000000f8       0x10 src/leds.o
 .debug_ranges  0x0000000000000108       0x18 src/main.o
 .debug_ranges  0x0000000000000120       0x10 src/mcuperipherals.o
 .debug_ranges  0x0000000000000130       0x50 src/ov7670.o
 .debug_ranges  0x0000000000000180       0xb0 src/scheduler.o
 .debug_ranges  0x0000000000000230       0x18 src/sensor.o
 .debug_ranges  0x0000000000000248       0x30 src/services.o
 .debug_ranges  0x0000000000000278       0x68 src/spi.o
 .debug_ranges  0x00000000000002e0       0x40 src/stm32f10x_it.o
 .debug_ranges  0x0000000000000320       0x40 src/system_stm32f10x.o
 .debug_ranges  0x0000000000000360       0x48 src/timer.o
 .debug_ranges  0x00000000000003a8       0x20 startup/startup_stm32.o
 .debug_ranges  0x00000000000003c8       0x30 /Users/daymoon/Documents/workspace/stm32f10x_peripheral_lib/Debug/libstm32f10x_peripheral_lib.a(misc.o)
 .debug_ranges  0x00000000000003f8       0x60 /Users/daymoon/Documents/workspace/stm32f10x_peripheral_lib/Debug/libstm32f10x_peripheral_lib.a(stm32f10x_dma.o)
 .debug_ranges  0x0000000000000458       0x48 /Users/daymoon/Documents/workspace/stm32f10x_peripheral_lib/Debug/libstm32f10x_peripheral_lib.a(stm32f10x_exti.o)
 .debug_ranges  0x00000000000004a0       0x98 /Users/daymoon/Documents/workspace/stm32f10x_peripheral_lib/Debug/libstm32f10x_peripheral_lib.a(stm32f10x_gpio.o)
 .debug_ranges  0x0000000000000538      0x110 /Users/daymoon/Documents/workspace/stm32f10x_peripheral_lib/Debug/libstm32f10x_peripheral_lib.a(stm32f10x_i2c.o)
 .debug_ranges  0x0000000000000648      0x108 /Users/daymoon/Documents/workspace/stm32f10x_peripheral_lib/Debug/libstm32f10x_peripheral_lib.a(stm32f10x_rcc.o)
 .debug_ranges  0x0000000000000750       0xc0 /Users/daymoon/Documents/workspace/stm32f10x_peripheral_lib/Debug/libstm32f10x_peripheral_lib.a(stm32f10x_spi.o)
 .debug_ranges  0x0000000000000810      0x330 /Users/daymoon/Documents/workspace/stm32f10x_peripheral_lib/Debug/libstm32f10x_peripheral_lib.a(stm32f10x_tim.o)

.debug_macro    0x0000000000000000    0x11cd6
 .debug_macro   0x0000000000000000      0x1fe src/camera.o
 .debug_macro   0x00000000000001fe      0xa66 src/camera.o
 .debug_macro   0x0000000000000c64       0x5c src/camera.o
 .debug_macro   0x0000000000000cc0       0x22 src/camera.o
 .debug_macro   0x0000000000000ce2       0x22 src/camera.o
 .debug_macro   0x0000000000000d04       0x8e src/camera.o
 .debug_macro   0x0000000000000d92       0x51 src/camera.o
 .debug_macro   0x0000000000000de3       0xef src/camera.o
 .debug_macro   0x0000000000000ed2       0x6a src/camera.o
 .debug_macro   0x0000000000000f3c      0x1df src/camera.o
 .debug_macro   0x000000000000111b      0x69f src/camera.o
 .debug_macro   0x00000000000017ba     0x7dbe src/camera.o
 .debug_macro   0x0000000000009578      0x2df src/camera.o
 .debug_macro   0x0000000000009857      0x144 src/camera.o
 .debug_macro   0x000000000000999b      0x3cf src/camera.o
 .debug_macro   0x0000000000009d6a       0xc8 src/camera.o
 .debug_macro   0x0000000000009e32      0x17a src/camera.o
 .debug_macro   0x0000000000009fac       0xac src/camera.o
 .debug_macro   0x000000000000a058      0x3ad src/camera.o
 .debug_macro   0x000000000000a405       0x9a src/camera.o
 .debug_macro   0x000000000000a49f      0x2cf src/camera.o
 .debug_macro   0x000000000000a76e      0x279 src/camera.o
 .debug_macro   0x000000000000a9e7      0x2ac src/camera.o
 .debug_macro   0x000000000000ac93      0x2b1 src/camera.o
 .debug_macro   0x000000000000af44       0x64 src/camera.o
 .debug_macro   0x000000000000afa8       0x82 src/camera.o
 .debug_macro   0x000000000000b02a      0x3e2 src/camera.o
 .debug_macro   0x000000000000b40c       0x58 src/camera.o
 .debug_macro   0x000000000000b464      0x341 src/camera.o
 .debug_macro   0x000000000000b7a5      0x2c4 src/camera.o
 .debug_macro   0x000000000000ba69      0x711 src/camera.o
 .debug_macro   0x000000000000c17a      0x220 src/camera.o
 .debug_macro   0x000000000000c39a       0x34 src/camera.o
 .debug_macro   0x000000000000c3ce       0x10 src/camera.o
 .debug_macro   0x000000000000c3de       0x35 src/camera.o
 .debug_macro   0x000000000000c413       0x64 src/camera.o
 .debug_macro   0x000000000000c477      0x3a2 src/camera.o
 .debug_macro   0x000000000000c819      0x14f src/camera.o
 .debug_macro   0x000000000000c968      0x13c src/camera.o
 .debug_macro   0x000000000000caa4       0x16 src/camera.o
 .debug_macro   0x000000000000caba       0x22 src/camera.o
 .debug_macro   0x000000000000cadc       0x10 src/camera.o
 .debug_macro   0x000000000000caec      0x202 src/camera.o
 .debug_macro   0x000000000000ccee       0x16 src/camera.o
 .debug_macro   0x000000000000cd04      0x1e4 src/delay.o
 .debug_macro   0x000000000000cee8       0x10 src/delay.o
 .debug_macro   0x000000000000cef8      0x149 src/delay.o
 .debug_macro   0x000000000000d041      0x3a8 src/delay.o
 .debug_macro   0x000000000000d3e9      0x19a src/gpio.o
 .debug_macro   0x000000000000d583       0x8b src/gpio.o
 .debug_macro   0x000000000000d60e      0x1b2 src/i2c.o
 .debug_macro   0x000000000000d7c0       0x10 src/i2c.o
 .debug_macro   0x000000000000d7d0      0x1de src/leds.o
 .debug_macro   0x000000000000d9ae      0x208 src/main.o
 .debug_macro   0x000000000000dbb6      0x1b7 src/mcuperipherals.o
 .debug_macro   0x000000000000dd6d       0x16 src/mcuperipherals.o
 .debug_macro   0x000000000000dd83      0x1e6 src/ov7670.o
 .debug_macro   0x000000000000df69      0x189 src/scheduler.o
 .debug_macro   0x000000000000e0f2       0x22 src/scheduler.o
 .debug_macro   0x000000000000e114      0x1a0 src/sensor.o
 .debug_macro   0x000000000000e2b4      0x1da src/services.o
 .debug_macro   0x000000000000e48e      0x1a0 src/spi.o
 .debug_macro   0x000000000000e62e      0x1e8 src/stm32f10x_it.o
 .debug_macro   0x000000000000e816      0x17e src/system_stm32f10x.o
 .debug_macro   0x000000000000e994      0x1b2 src/timer.o
 .debug_macro   0x000000000000eb46       0x10 src/timer.o
 .debug_macro   0x000000000000eb56      0x18a /Users/daymoon/Documents/workspace/stm32f10x_peripheral_lib/Debug/libstm32f10x_peripheral_lib.a(misc.o)
 .debug_macro   0x000000000000ece0      0xa6c /Users/daymoon/Documents/workspace/stm32f10x_peripheral_lib/Debug/libstm32f10x_peripheral_lib.a(misc.o)
 .debug_macro   0x000000000000f74c       0x10 /Users/daymoon/Documents/workspace/stm32f10x_peripheral_lib/Debug/libstm32f10x_peripheral_lib.a(misc.o)
 .debug_macro   0x000000000000f75c       0x85 /Users/daymoon/Documents/workspace/stm32f10x_peripheral_lib/Debug/libstm32f10x_peripheral_lib.a(misc.o)
 .debug_macro   0x000000000000f7e1      0x1dc /Users/daymoon/Documents/workspace/stm32f10x_peripheral_lib/Debug/libstm32f10x_peripheral_lib.a(stm32f10x_dma.o)
 .debug_macro   0x000000000000f9bd      0x3a7 /Users/daymoon/Documents/workspace/stm32f10x_peripheral_lib/Debug/libstm32f10x_peripheral_lib.a(stm32f10x_dma.o)
 .debug_macro   0x000000000000fd64      0x18a /Users/daymoon/Documents/workspace/stm32f10x_peripheral_lib/Debug/libstm32f10x_peripheral_lib.a(stm32f10x_exti.o)
 .debug_macro   0x000000000000feee       0x94 /Users/daymoon/Documents/workspace/stm32f10x_peripheral_lib/Debug/libstm32f10x_peripheral_lib.a(stm32f10x_exti.o)
 .debug_macro   0x000000000000ff82      0x1d6 /Users/daymoon/Documents/workspace/stm32f10x_peripheral_lib/Debug/libstm32f10x_peripheral_lib.a(stm32f10x_gpio.o)
 .debug_macro   0x0000000000010158      0x2a6 /Users/daymoon/Documents/workspace/stm32f10x_peripheral_lib/Debug/libstm32f10x_peripheral_lib.a(stm32f10x_gpio.o)
 .debug_macro   0x00000000000103fe      0x25a /Users/daymoon/Documents/workspace/stm32f10x_peripheral_lib/Debug/libstm32f10x_peripheral_lib.a(stm32f10x_i2c.o)
 .debug_macro   0x0000000000010658      0x2ab /Users/daymoon/Documents/workspace/stm32f10x_peripheral_lib/Debug/libstm32f10x_peripheral_lib.a(stm32f10x_i2c.o)
 .debug_macro   0x0000000000010903      0x2a0 /Users/daymoon/Documents/workspace/stm32f10x_peripheral_lib/Debug/libstm32f10x_peripheral_lib.a(stm32f10x_rcc.o)
 .debug_macro   0x0000000000010ba3      0x3dc /Users/daymoon/Documents/workspace/stm32f10x_peripheral_lib/Debug/libstm32f10x_peripheral_lib.a(stm32f10x_rcc.o)
 .debug_macro   0x0000000000010f7f      0x1ee /Users/daymoon/Documents/workspace/stm32f10x_peripheral_lib/Debug/libstm32f10x_peripheral_lib.a(stm32f10x_spi.o)
 .debug_macro   0x000000000001116d      0x2be /Users/daymoon/Documents/workspace/stm32f10x_peripheral_lib/Debug/libstm32f10x_peripheral_lib.a(stm32f10x_spi.o)
 .debug_macro   0x000000000001142b      0x1a0 /Users/daymoon/Documents/workspace/stm32f10x_peripheral_lib/Debug/libstm32f10x_peripheral_lib.a(stm32f10x_tim.o)
 .debug_macro   0x00000000000115cb      0x70b /Users/daymoon/Documents/workspace/stm32f10x_peripheral_lib/Debug/libstm32f10x_peripheral_lib.a(stm32f10x_tim.o)

.debug_line     0x0000000000000000     0xe446
 .debug_line    0x0000000000000000      0x878 src/camera.o
 .debug_line    0x0000000000000878      0x72d src/delay.o
 .debug_line    0x0000000000000fa5      0x6f2 src/gpio.o
 .debug_line    0x0000000000001697      0x7f4 src/i2c.o
 .debug_line    0x0000000000001e8b      0x706 src/leds.o
 .debug_line    0x0000000000002591      0x759 src/main.o
 .debug_line    0x0000000000002cea      0x705 src/mcuperipherals.o
 .debug_line    0x00000000000033ef      0x7b7 src/ov7670.o
 .debug_line    0x0000000000003ba6      0x80f src/scheduler.o
 .debug_line    0x00000000000043b5      0x6fe src/sensor.o
 .debug_line    0x0000000000004ab3      0x757 src/services.o
 .debug_line    0x000000000000520a      0x768 src/spi.o
 .debug_line    0x0000000000005972      0x789 src/stm32f10x_it.o
 .debug_line    0x00000000000060fb      0x727 src/system_stm32f10x.o
 .debug_line    0x0000000000006822      0x78b src/timer.o
 .debug_line    0x0000000000006fad       0x7c startup/startup_stm32.o
 .debug_line    0x0000000000007029      0x76d /Users/daymoon/Documents/workspace/stm32f10x_peripheral_lib/Debug/libstm32f10x_peripheral_lib.a(misc.o)
 .debug_line    0x0000000000007796      0xaf4 /Users/daymoon/Documents/workspace/stm32f10x_peripheral_lib/Debug/libstm32f10x_peripheral_lib.a(stm32f10x_dma.o)
 .debug_line    0x000000000000828a      0x84a /Users/daymoon/Documents/workspace/stm32f10x_peripheral_lib/Debug/libstm32f10x_peripheral_lib.a(stm32f10x_exti.o)
 .debug_line    0x0000000000008ad4      0xbfc /Users/daymoon/Documents/workspace/stm32f10x_peripheral_lib/Debug/libstm32f10x_peripheral_lib.a(stm32f10x_gpio.o)
 .debug_line    0x00000000000096d0      0xdca /Users/daymoon/Documents/workspace/stm32f10x_peripheral_lib/Debug/libstm32f10x_peripheral_lib.a(stm32f10x_i2c.o)
 .debug_line    0x000000000000a49a      0xb6f /Users/daymoon/Documents/workspace/stm32f10x_peripheral_lib/Debug/libstm32f10x_peripheral_lib.a(stm32f10x_rcc.o)
 .debug_line    0x000000000000b009      0xbdd /Users/daymoon/Documents/workspace/stm32f10x_peripheral_lib/Debug/libstm32f10x_peripheral_lib.a(stm32f10x_spi.o)
 .debug_line    0x000000000000bbe6     0x2860 /Users/daymoon/Documents/workspace/stm32f10x_peripheral_lib/Debug/libstm32f10x_peripheral_lib.a(stm32f10x_tim.o)

.debug_str      0x0000000000000000    0x52f0c
 .debug_str     0x0000000000000000    0x4eb68 src/camera.o
                                      0x4ece2 (size before relaxing)
 .debug_str     0x000000000004eb68       0x85 src/delay.o
                                      0x4e187 (size before relaxing)
 .debug_str     0x000000000004ebed      0x579 src/gpio.o
                                      0x4d9ca (size before relaxing)
 .debug_str     0x000000000004f166      0x180 src/i2c.o
                                      0x4e3ba (size before relaxing)
 .debug_str     0x000000000004f2e6       0x1a src/leds.o
                                      0x4e100 (size before relaxing)
 .debug_str     0x000000000004f300       0x8e src/main.o
                                      0x4ecd9 (size before relaxing)
 .debug_str     0x000000000004f38e       0x61 src/mcuperipherals.o
                                      0x4d3bb (size before relaxing)
 .debug_str     0x000000000004f3ef       0xc1 src/ov7670.o
                                      0x4e253 (size before relaxing)
 .debug_str     0x000000000004f4b0      0x4d1 src/scheduler.o
                                      0x4d337 (size before relaxing)
 .debug_str     0x000000000004f981      0x118 src/sensor.o
                                      0x4dc99 (size before relaxing)
 .debug_str     0x000000000004fa99       0xad src/services.o
                                      0x4e1eb (size before relaxing)
 .debug_str     0x000000000004fb46      0x119 src/spi.o
                                      0x4dcd2 (size before relaxing)
 .debug_str     0x000000000004fc5f       0xf5 src/stm32f10x_it.o
                                      0x4e1e9 (size before relaxing)
 .debug_str     0x000000000004fd54      0x10f src/system_stm32f10x.o
                                      0x4cefa (size before relaxing)
 .debug_str     0x000000000004fe63      0x294 src/timer.o
                                      0x4e489 (size before relaxing)
 .debug_str     0x00000000000500f7       0x29 startup/startup_stm32.o
                                         0x61 (size before relaxing)
 .debug_str     0x0000000000050120      0x23a /Users/daymoon/Documents/workspace/stm32f10x_peripheral_lib/Debug/libstm32f10x_peripheral_lib.a(misc.o)
                                      0x4d4c7 (size before relaxing)
 .debug_str     0x000000000005035a      0x5ea /Users/daymoon/Documents/workspace/stm32f10x_peripheral_lib/Debug/libstm32f10x_peripheral_lib.a(stm32f10x_dma.o)
                                      0x4d981 (size before relaxing)
 .debug_str     0x0000000000050944       0xf0 /Users/daymoon/Documents/workspace/stm32f10x_peripheral_lib/Debug/libstm32f10x_peripheral_lib.a(stm32f10x_exti.o)
                                      0x4d476 (size before relaxing)
 .debug_str     0x0000000000050a34      0x464 /Users/daymoon/Documents/workspace/stm32f10x_peripheral_lib/Debug/libstm32f10x_peripheral_lib.a(stm32f10x_gpio.o)
                                      0x4d856 (size before relaxing)
 .debug_str     0x0000000000050e98      0x7b8 /Users/daymoon/Documents/workspace/stm32f10x_peripheral_lib/Debug/libstm32f10x_peripheral_lib.a(stm32f10x_i2c.o)
                                      0x4dc0a (size before relaxing)
 .debug_str     0x0000000000051650      0xa08 /Users/daymoon/Documents/workspace/stm32f10x_peripheral_lib/Debug/libstm32f10x_peripheral_lib.a(stm32f10x_rcc.o)
                                      0x4de25 (size before relaxing)
 .debug_str     0x0000000000052058      0x4c2 /Users/daymoon/Documents/workspace/stm32f10x_peripheral_lib/Debug/libstm32f10x_peripheral_lib.a(stm32f10x_spi.o)
                                      0x4d97f (size before relaxing)
 .debug_str     0x000000000005251a      0x9f2 /Users/daymoon/Documents/workspace/stm32f10x_peripheral_lib/Debug/libstm32f10x_peripheral_lib.a(stm32f10x_tim.o)
                                      0x4df71 (size before relaxing)

.comment        0x0000000000000000       0x7f
 .comment       0x0000000000000000       0x7f src/camera.o
                                         0x80 (size before relaxing)
 .comment       0x000000000000007f       0x80 src/delay.o
 .comment       0x000000000000007f       0x80 src/gpio.o
 .comment       0x000000000000007f       0x80 src/i2c.o
 .comment       0x000000000000007f       0x80 src/leds.o
 .comment       0x000000000000007f       0x80 src/main.o
 .comment       0x000000000000007f       0x80 src/mcuperipherals.o
 .comment       0x000000000000007f       0x80 src/ov7670.o
 .comment       0x000000000000007f       0x80 src/scheduler.o
 .comment       0x000000000000007f       0x80 src/sensor.o
 .comment       0x000000000000007f       0x80 src/services.o
 .comment       0x000000000000007f       0x80 src/spi.o
 .comment       0x000000000000007f       0x80 src/stm32f10x_it.o
 .comment       0x000000000000007f       0x80 src/system_stm32f10x.o
 .comment       0x000000000000007f       0x80 src/timer.o
 .comment       0x000000000000007f       0x80 /Users/daymoon/Documents/workspace/stm32f10x_peripheral_lib/Debug/libstm32f10x_peripheral_lib.a(misc.o)
 .comment       0x000000000000007f       0x80 /Users/daymoon/Documents/workspace/stm32f10x_peripheral_lib/Debug/libstm32f10x_peripheral_lib.a(stm32f10x_dma.o)
 .comment       0x000000000000007f       0x80 /Users/daymoon/Documents/workspace/stm32f10x_peripheral_lib/Debug/libstm32f10x_peripheral_lib.a(stm32f10x_exti.o)
 .comment       0x000000000000007f       0x80 /Users/daymoon/Documents/workspace/stm32f10x_peripheral_lib/Debug/libstm32f10x_peripheral_lib.a(stm32f10x_gpio.o)
 .comment       0x000000000000007f       0x80 /Users/daymoon/Documents/workspace/stm32f10x_peripheral_lib/Debug/libstm32f10x_peripheral_lib.a(stm32f10x_i2c.o)
 .comment       0x000000000000007f       0x80 /Users/daymoon/Documents/workspace/stm32f10x_peripheral_lib/Debug/libstm32f10x_peripheral_lib.a(stm32f10x_rcc.o)
 .comment       0x000000000000007f       0x80 /Users/daymoon/Documents/workspace/stm32f10x_peripheral_lib/Debug/libstm32f10x_peripheral_lib.a(stm32f10x_spi.o)
 .comment       0x000000000000007f       0x80 /Users/daymoon/Documents/workspace/stm32f10x_peripheral_lib/Debug/libstm32f10x_peripheral_lib.a(stm32f10x_tim.o)

.debug_frame    0x0000000000000000     0x20c0
 .debug_frame   0x0000000000000000       0xc8 src/camera.o
 .debug_frame   0x00000000000000c8       0x38 src/delay.o
 .debug_frame   0x0000000000000100       0x34 src/gpio.o
 .debug_frame   0x0000000000000134      0x10c src/i2c.o
 .debug_frame   0x0000000000000240       0x20 src/leds.o
 .debug_frame   0x0000000000000260       0x38 src/main.o
 .debug_frame   0x0000000000000298       0x2c src/mcuperipherals.o
 .debug_frame   0x00000000000002c4       0xac src/ov7670.o
 .debug_frame   0x0000000000000370       0xd8 src/scheduler.o
 .debug_frame   0x0000000000000448       0x40 src/sensor.o
 .debug_frame   0x0000000000000488       0x80 src/services.o
 .debug_frame   0x0000000000000508       0x80 src/spi.o
 .debug_frame   0x0000000000000588       0xbc src/stm32f10x_it.o
 .debug_frame   0x0000000000000644       0x48 src/system_stm32f10x.o
 .debug_frame   0x000000000000068c       0xa0 src/timer.o
 .debug_frame   0x000000000000072c       0x94 /Users/daymoon/Documents/workspace/stm32f10x_peripheral_lib/Debug/libstm32f10x_peripheral_lib.a(misc.o)
 .debug_frame   0x00000000000007c0      0x124 /Users/daymoon/Documents/workspace/stm32f10x_peripheral_lib/Debug/libstm32f10x_peripheral_lib.a(stm32f10x_dma.o)
 .debug_frame   0x00000000000008e4       0xc4 /Users/daymoon/Documents/workspace/stm32f10x_peripheral_lib/Debug/libstm32f10x_peripheral_lib.a(stm32f10x_exti.o)
 .debug_frame   0x00000000000009a8      0x1fc /Users/daymoon/Documents/workspace/stm32f10x_peripheral_lib/Debug/libstm32f10x_peripheral_lib.a(stm32f10x_gpio.o)
 .debug_frame   0x0000000000000ba4      0x3a8 /Users/daymoon/Documents/workspace/stm32f10x_peripheral_lib/Debug/libstm32f10x_peripheral_lib.a(stm32f10x_i2c.o)
 .debug_frame   0x0000000000000f4c      0x314 /Users/daymoon/Documents/workspace/stm32f10x_peripheral_lib/Debug/libstm32f10x_peripheral_lib.a(stm32f10x_rcc.o)
 .debug_frame   0x0000000000001260      0x290 /Users/daymoon/Documents/workspace/stm32f10x_peripheral_lib/Debug/libstm32f10x_peripheral_lib.a(stm32f10x_spi.o)
 .debug_frame   0x00000000000014f0      0xa10 /Users/daymoon/Documents/workspace/stm32f10x_peripheral_lib/Debug/libstm32f10x_peripheral_lib.a(stm32f10x_tim.o)
 .debug_frame   0x0000000000001f00       0x2c /Applications/Ac6/SystemWorkbench.app/Contents/Eclipse/plugins/fr.ac6.mcu.externaltools.arm-none.macos64_1.17.0.201812190825/tools/compiler/bin/../lib/gcc/arm-none-eabi/7.3.1/../../../../arm-none-eabi/lib/thumb/v7-m/libc.a(lib_a-init.o)
 .debug_frame   0x0000000000001f2c       0x5c /Applications/Ac6/SystemWorkbench.app/Contents/Eclipse/plugins/fr.ac6.mcu.externaltools.arm-none.macos64_1.17.0.201812190825/tools/compiler/bin/../lib/gcc/arm-none-eabi/7.3.1/../../../../arm-none-eabi/lib/thumb/v7-m/libc.a(lib_a-__call_atexit.o)
 .debug_frame   0x0000000000001f88       0x20 /Applications/Ac6/SystemWorkbench.app/Contents/Eclipse/plugins/fr.ac6.mcu.externaltools.arm-none.macos64_1.17.0.201812190825/tools/compiler/bin/../lib/gcc/arm-none-eabi/7.3.1/../../../../arm-none-eabi/lib/thumb/v7-m/libc.a(lib_a-atexit.o)
 .debug_frame   0x0000000000001fa8       0x34 /Applications/Ac6/SystemWorkbench.app/Contents/Eclipse/plugins/fr.ac6.mcu.externaltools.arm-none.macos64_1.17.0.201812190825/tools/compiler/bin/../lib/gcc/arm-none-eabi/7.3.1/../../../../arm-none-eabi/lib/thumb/v7-m/libc.a(lib_a-fini.o)
 .debug_frame   0x0000000000001fdc       0xb0 /Applications/Ac6/SystemWorkbench.app/Contents/Eclipse/plugins/fr.ac6.mcu.externaltools.arm-none.macos64_1.17.0.201812190825/tools/compiler/bin/../lib/gcc/arm-none-eabi/7.3.1/../../../../arm-none-eabi/lib/thumb/v7-m/libc.a(lib_a-lock.o)
 .debug_frame   0x000000000000208c       0x34 /Applications/Ac6/SystemWorkbench.app/Contents/Eclipse/plugins/fr.ac6.mcu.externaltools.arm-none.macos64_1.17.0.201812190825/tools/compiler/bin/../lib/gcc/arm-none-eabi/7.3.1/../../../../arm-none-eabi/lib/thumb/v7-m/libc.a(lib_a-__atexit.o)
